Component: ARM Compiler 5.06 update 5 (build 528) Tool: armlink [4d35e2]

==============================================================================

Section Cross References

    startup_stm32f103xb.o(RESET) refers to startup_stm32f103xb.o(STACK) for __initial_sp
    startup_stm32f103xb.o(RESET) refers to startup_stm32f103xb.o(.text) for Reset_Handler
    startup_stm32f103xb.o(RESET) refers to stm32f1xx_it.o(i.NMI_Handler) for NMI_Handler
    startup_stm32f103xb.o(RESET) refers to stm32f1xx_it.o(i.HardFault_Handler) for HardFault_Handler
    startup_stm32f103xb.o(RESET) refers to stm32f1xx_it.o(i.MemManage_Handler) for MemManage_Handler
    startup_stm32f103xb.o(RESET) refers to stm32f1xx_it.o(i.BusFault_Handler) for BusFault_Handler
    startup_stm32f103xb.o(RESET) refers to stm32f1xx_it.o(i.UsageFault_Handler) for UsageFault_Handler
    startup_stm32f103xb.o(RESET) refers to stm32f1xx_it.o(i.SVC_Handler) for SVC_Handler
    startup_stm32f103xb.o(RESET) refers to stm32f1xx_it.o(i.DebugMon_Handler) for DebugMon_Handler
    startup_stm32f103xb.o(RESET) refers to stm32f1xx_it.o(i.PendSV_Handler) for PendSV_Handler
    startup_stm32f103xb.o(RESET) refers to stm32f1xx_it.o(i.SysTick_Handler) for SysTick_Handler
    startup_stm32f103xb.o(RESET) refers to stm32f1xx_it.o(i.USART1_IRQHandler) for USART1_IRQHandler
    startup_stm32f103xb.o(RESET) refers to stm32f1xx_it.o(i.USART2_IRQHandler) for USART2_IRQHandler
    startup_stm32f103xb.o(RESET) refers to usart.o(i.USART3_IRQHandler) for USART3_IRQHandler
    startup_stm32f103xb.o(.text) refers to system_stm32f1xx.o(i.SystemInit) for SystemInit
    startup_stm32f103xb.o(.text) refers to entry.o(.ARM.Collect$$$$00000000) for __main
    main.o(i.Add_Card_Flash) refers to myflash.o(i.stmflash_write) for stmflash_write
    main.o(i.Add_Card_Flash) refers to rc522.o(.data) for UID
    main.o(i.Add_Card_Flash) refers to main.o(.data) for ID_select
    main.o(i.Del_FR) refers to as608.o(i.GZ_DeletChar) for GZ_DeletChar
    main.o(i.Del_FR) refers to main.o(.data) for ID_select
    main.o(i.Read_Card_Flash) refers to myflash.o(i.stmflash_read) for stmflash_read
    main.o(i.Read_Card_Flash) refers to rc522.o(.data) for UI0
    main.o(i.SystemClock_Config) refers to memseta.o(.text) for __aeabi_memclr4
    main.o(i.SystemClock_Config) refers to stm32f1xx_hal_rcc.o(i.HAL_RCC_OscConfig) for HAL_RCC_OscConfig
    main.o(i.SystemClock_Config) refers to main.o(i.Error_Handler) for Error_Handler
    main.o(i.SystemClock_Config) refers to stm32f1xx_hal_rcc.o(i.HAL_RCC_ClockConfig) for HAL_RCC_ClockConfig
    main.o(i.main) refers to stm32f1xx_hal.o(i.HAL_Init) for HAL_Init
    main.o(i.main) refers to main.o(i.SystemClock_Config) for SystemClock_Config
    main.o(i.main) refers to gpio.o(i.MX_GPIO_Init) for MX_GPIO_Init
    main.o(i.main) refers to tim.o(i.MX_TIM4_Init) for MX_TIM4_Init
    main.o(i.main) refers to usart.o(i.MX_USART1_UART_Init) for MX_USART1_UART_Init
    main.o(i.main) refers to usart.o(i.MX_USART2_UART_Init) for MX_USART2_UART_Init
    main.o(i.main) refers to usart.o(i.MX_USART3_UART_Init) for MX_USART3_UART_Init
    main.o(i.main) refers to printfa.o(i.__0printf) for __2printf
    main.o(i.main) refers to oled.o(i.OLED_Init) for OLED_Init
    main.o(i.main) refers to oled.o(i.OLED_ShowString) for OLED_ShowString
    main.o(i.main) refers to rc522.o(i.RFID_Init) for RFID_Init
    main.o(i.main) refers to key.o(i.Key_Init) for Key_Init
    main.o(i.main) refers to servo.o(i.Servo_Init) for Servo_Init
    main.o(i.main) refers to wifi.o(i.wifi_init) for wifi_init
    main.o(i.main) refers to stm32f1xx_hal.o(i.HAL_Delay) for HAL_Delay
    main.o(i.main) refers to as608.o(i.GZ_HandShake) for GZ_HandShake
    main.o(i.main) refers to main.o(i.Read_Card_Flash) for Read_Card_Flash
    main.o(i.main) refers to wifi.o(i.rcv_json) for rcv_json
    main.o(i.main) refers to oled.o(i.OLED_Clear) for OLED_Clear
    main.o(i.main) refers to servo.o(i.ControlServo) for ControlServo
    main.o(i.main) refers to wifi.o(i.create_Json) for create_Json
    main.o(i.main) refers to key.o(i.Key_Scan) for Key_Scan
    main.o(i.main) refers to rc522.o(i.PcdRequest) for PcdRequest
    main.o(i.main) refers to rc522.o(i.PcdAnticoll) for PcdAnticoll
    main.o(i.main) refers to main.o(i.press_FR) for press_FR
    main.o(i.main) refers to as608.o(.data) for AS608Addr
    main.o(i.main) refers to main.o(.data) for menu_page
    main.o(i.main) refers to rc522.o(.data) for Temp
    main.o(i.main) refers to main.o(i.Add_Card_Flash) for Add_Card_Flash
    main.o(i.main) refers to as608.o(i.GZ_GetImage) for GZ_GetImage
    main.o(i.main) refers to as608.o(i.GZ_GenChar) for GZ_GenChar
    main.o(i.main) refers to as608.o(i.GZ_Match) for GZ_Match
    main.o(i.main) refers to as608.o(i.GZ_RegModel) for GZ_RegModel
    main.o(i.main) refers to as608.o(i.GZ_StoreChar) for GZ_StoreChar
    main.o(i.main) refers to as608.o(i.GZ_ValidTempleteNum) for GZ_ValidTempleteNum
[...]
    UART_SetConfig                           0x08004185   Thumb Code   248  stm32f1xx_hal_uart.o(i.UART_SetConfig)
    i.UART_Start_Receive_IT                  0x08004280   Section        0  stm32f1xx_hal_uart.o(i.UART_Start_Receive_IT)
    i.UART_Transmit_IT                       0x080042d2   Section        0  stm32f1xx_hal_uart.o(i.UART_Transmit_IT)
    UART_Transmit_IT                         0x080042d3   Thumb Code    96  stm32f1xx_hal_uart.o(i.UART_Transmit_IT)
    i.UART_WaitOnFlagUntilTimeout            0x08004332   Section        0  stm32f1xx_hal_uart.o(i.UART_WaitOnFlagUntilTimeout)
    UART_WaitOnFlagUntilTimeout              0x08004333   Thumb Code   108  stm32f1xx_hal_uart.o(i.UART_WaitOnFlagUntilTimeout)
    i.USART1_IRQHandler                      0x080043a0   Section        0  stm32f1xx_it.o(i.USART1_IRQHandler)
    i.USART2_IRQHandler                      0x080043c4   Section        0  stm32f1xx_it.o(i.USART2_IRQHandler)
    i.USART3_IRQHandler                      0x080043d4   Section        0  usart.o(i.USART3_IRQHandler)
    i.UsageFault_Handler                     0x080044e0   Section        0  stm32f1xx_it.o(i.UsageFault_Handler)
    i.UsartReceive_IDLE                      0x080044e4   Section        0  usart.o(i.UsartReceive_IDLE)
    i.WriteRawRC                             0x08004530   Section        0  rc522.o(i.WriteRawRC)
    i.__0printf                              0x080045f4   Section        0  printfa.o(i.__0printf)
    i.__0sprintf                             0x08004614   Section        0  printfa.o(i.__0sprintf)
    i.__0vsprintf                            0x0800463c   Section        0  printfa.o(i.__0vsprintf)
    i.__ARM_fpclassify                       0x08004660   Section        0  fpclassify.o(i.__ARM_fpclassify)
    i.__NVIC_GetPriorityGrouping             0x08004688   Section        0  stm32f1xx_hal_cortex.o(i.__NVIC_GetPriorityGrouping)
    __NVIC_GetPriorityGrouping               0x08004689   Thumb Code    10  stm32f1xx_hal_cortex.o(i.__NVIC_GetPriorityGrouping)
    i.__NVIC_SetPriority                     0x08004698   Section        0  stm32f1xx_hal_cortex.o(i.__NVIC_SetPriority)
    __NVIC_SetPriority                       0x08004699   Thumb Code    32  stm32f1xx_hal_cortex.o(i.__NVIC_SetPriority)
    i.__kernel_poly                          0x080046c0   Section        0  poly.o(i.__kernel_poly)
    i.__mathlib_dbl_divzero                  0x0800476c   Section        0  dunder.o(i.__mathlib_dbl_divzero)
    i.__mathlib_dbl_infnan2                  0x0800477c   Section        0  dunder.o(i.__mathlib_dbl_infnan2)
    i.__mathlib_dbl_invalid                  0x08004780   Section        0  dunder.o(i.__mathlib_dbl_invalid)
    i.__mathlib_dbl_overflow                 0x0800478c   Section        0  dunder.o(i.__mathlib_dbl_overflow)
    i.__mathlib_dbl_underflow                0x0800479c   Section        0  dunder.o(i.__mathlib_dbl_underflow)
    i.__scatterload_copy                     0x080047ac   Section       14  handlers.o(i.__scatterload_copy)
    i.__scatterload_null                     0x080047ba   Section        2  handlers.o(i.__scatterload_null)
    i.__scatterload_zeroinit                 0x080047bc   Section       14  handlers.o(i.__scatterload_zeroinit)
    i.__set_errno                            0x080047cc   Section        0  errno.o(i.__set_errno)
    i._fp_digits                             0x080047d8   Section        0  printfa.o(i._fp_digits)
    _fp_digits                               0x080047d9   Thumb Code   366  printfa.o(i._fp_digits)
    i._printf_core                           0x0800495c   Section        0  printfa.o(i._printf_core)
    _printf_core                             0x0800495d   Thumb Code  1744  printfa.o(i._printf_core)
    i._printf_post_padding                   0x08005038   Section        0  printfa.o(i._printf_post_padding)
    _printf_post_padding                     0x08005039   Thumb Code    36  printfa.o(i._printf_post_padding)
    i._printf_pre_padding                    0x0800505c   Section        0  printfa.o(i._printf_pre_padding)
    _printf_pre_padding                      0x0800505d   Thumb Code    46  printfa.o(i._printf_pre_padding)
    i._sputc                                 0x0800508a   Section        0  printfa.o(i._sputc)
    _sputc                                   0x0800508b   Thumb Code    10  printfa.o(i._sputc)
    i.atk_mw8266d_uart_printf                0x08005094   Section        0  usart.o(i.atk_mw8266d_uart_printf)
    i.atk_mw8266d_uart_rx_get_frame          0x080050d0   Section        0  usart.o(i.atk_mw8266d_uart_rx_get_frame)
    i.atk_mw8266d_uart_rx_restart            0x080050fc   Section        0  usart.o(i.atk_mw8266d_uart_rx_restart)
    i.cJSON_AddItemToArray                   0x08005120   Section        0  cjson.o(i.cJSON_AddItemToArray)
    i.cJSON_AddItemToObject                  0x0800514c   Section        0  cjson.o(i.cJSON_AddItemToObject)
    i.cJSON_CreateNumber                     0x0800517c   Section        0  cjson.o(i.cJSON_CreateNumber)
    i.cJSON_CreateObject                     0x080051a0   Section        0  cjson.o(i.cJSON_CreateObject)
    i.cJSON_Delete                           0x080051b4   Section        0  cjson.o(i.cJSON_Delete)
    i.cJSON_GetObjectItem                    0x0800520c   Section        0  cjson.o(i.cJSON_GetObjectItem)
    i.cJSON_New_Item                         0x0800522c   Section        0  cjson.o(i.cJSON_New_Item)
    cJSON_New_Item                           0x0800522d   Thumb Code    26  cjson.o(i.cJSON_New_Item)
    i.cJSON_Parse                            0x0800524c   Section        0  cjson.o(i.cJSON_Parse)
    i.cJSON_ParseWithOpts                    0x0800525c   Section        0  cjson.o(i.cJSON_ParseWithOpts)
    i.cJSON_PrintUnformatted                 0x080052c0   Section        0  cjson.o(i.cJSON_PrintUnformatted)
    i.cJSON_strcasecmp                       0x080052d2   Section        0  cjson.o(i.cJSON_strcasecmp)
    cJSON_strcasecmp                         0x080052d3   Thumb Code    76  cjson.o(i.cJSON_strcasecmp)
    i.cJSON_strdup                           0x08005320   Section        0  cjson.o(i.cJSON_strdup)
    cJSON_strdup                             0x08005321   Thumb Code    40  cjson.o(i.cJSON_strdup)
    i.create_Json                            0x0800534c   Section        0  wifi.o(i.create_Json)
    i.delay_10ms                             0x08005414   Section        0  rc522.o(i.delay_10ms)
    i.ensure                                 0x08005430   Section        0  cjson.o(i.ensure)
    ensure                                   0x08005431   Thumb Code   104  cjson.o(i.ensure)
    i.floor                                  0x080054a0   Section        0  floor.o(i.floor)
    i.fputc                                  0x0800557c   Section        0  usart.o(i.fputc)
    i.free                                   0x08005598   Section        0  malloc.o(i.free)
    i.main                                   0x080055e8   Section        0  main.o(i.main)
    i.malloc                                 0x080063ac   Section        0  malloc.o(i.malloc)
    i.parse_array                            0x08006418   Section        0  cjson.o(i.parse_array)
    parse_array                              0x08006419   Thumb Code   166  cjson.o(i.parse_array)
    i.parse_hex4                             0x080064c4   Section        0  cjson.o(i.parse_hex4)
    parse_hex4                               0x080064c5   Thumb Code   276  cjson.o(i.parse_hex4)
    i.parse_number                           0x080065d8   Section        0  cjson.o(i.parse_number)
    parse_number                             0x080065d9   Thumb Code   432  cjson.o(i.parse_number)
    i.parse_object                           0x08006794   Section        0  cjson.o(i.parse_object)
    parse_object                             0x08006795   Thumb Code   270  cjson.o(i.parse_object)
    i.parse_string                           0x080068a8   Section        0  cjson.o(i.parse_string)
    parse_string                             0x080068a9   Thumb Code   448  cjson.o(i.parse_string)
    i.parse_value                            0x08006a74   Section        0  cjson.o(i.parse_value)
    parse_value                              0x08006a75   Thumb Code   158  cjson.o(i.parse_value)
    i.pow                                    0x08006b30   Section        0  pow.o(i.pow)
    i.pow2gt                                 0x08007508   Section        0  cjson.o(i.pow2gt)
    pow2gt                                   0x08007509   Thumb Code    28  cjson.o(i.pow2gt)
    i.press_FR                               0x08007524   Section        0  main.o(i.press_FR)
    i.print_array                            0x08007644   Section        0  cjson.o(i.print_array)
    print_array                              0x08007645   Thumb Code   578  cjson.o(i.print_array)
    i.print_number                           0x08007894   Section        0  cjson.o(i.print_number)
    print_number                             0x08007895   Thumb Code   342  cjson.o(i.print_number)
    i.print_object                           0x08007a2c   Section        0  cjson.o(i.print_object)
    print_object                             0x08007a2d   Thumb Code  1038  cjson.o(i.print_object)
    i.print_string                           0x08007e44   Section        0  cjson.o(i.print_string)
    print_string                             0x08007e45   Thumb Code    16  cjson.o(i.print_string)
    i.print_string_ptr                       0x08007e54   Section        0  cjson.o(i.print_string_ptr)
    print_string_ptr                         0x08007e55   Thumb Code   442  cjson.o(i.print_string_ptr)
    i.print_value                            0x08008028   Section        0  cjson.o(i.print_value)
    print_value                              0x08008029   Thumb Code   278  cjson.o(i.print_value)
    i.rcv_json                               0x08008158   Section        0  wifi.o(i.rcv_json)
    i.skip                                   0x080082a8   Section        0  cjson.o(i.skip)
    skip                                     0x080082a9   Thumb Code    18  cjson.o(i.skip)
    i.sqrt                                   0x080082ba   Section        0  sqrt.o(i.sqrt)
    i.stmflash_read                          0x08008306   Section        0  myflash.o(i.stmflash_read)
    i.stmflash_read_halfword                 0x08008328   Section        0  myflash.o(i.stmflash_read_halfword)
    i.stmflash_write                         0x08008330   Section        0  myflash.o(i.stmflash_write)
    i.stmflash_write_nocheck                 0x08008428   Section        0  myflash.o(i.stmflash_write_nocheck)
    i.suffix_object                          0x08008454   Section        0  cjson.o(i.suffix_object)
    suffix_object                            0x08008455   Thumb Code     6  cjson.o(i.suffix_object)
    i.update                                 0x0800845a   Section        0  cjson.o(i.update)
    update                                   0x0800845b   Thumb Code    32  cjson.o(i.update)
    i.wifi_init                              0x0800847c   Section        0  wifi.o(i.wifi_init)
    .constdata                               0x0800858c   Section     1520  oled.o(.constdata)
    .constdata                               0x08008b7c   Section        7  cjson.o(.constdata)
    firstByteMark                            0x08008b7c   Data           7  cjson.o(.constdata)
    .constdata                               0x08008b83   Section       24  system_stm32f1xx.o(.constdata)
    .constdata                               0x08008ba0   Section      136  pow.o(.constdata)
    bp                                       0x08008ba0   Data          16  pow.o(.constdata)
    dp_h                                     0x08008bb0   Data          16  pow.o(.constdata)
    dp_l                                     0x08008bc0   Data          16  pow.o(.constdata)
    L                                        0x08008bd0   Data          48  pow.o(.constdata)
    P                                        0x08008c00   Data          40  pow.o(.constdata)
    .constdata                               0x08008c28   Section        8  qnan.o(.constdata)
    .constdata                               0x08008c30   Section       64  ctype_c.o(.constdata)
    .conststring                             0x08008c70   Section      398  wifi.o(.conststring)
    .data                                    0x20000000   Section       10  main.o(.data)
    menu_page                                0x20000006   Data           1  main.o(.data)
    keynum                                   0x20000007   Data           1  main.o(.data)
    menu_select                              0x20000008   Data           1  main.o(.data)
    ID_select                                0x20000009   Data           1  main.o(.data)
    .data                                    0x2000000c   Section       12  usart.o(.data)
    .data                                    0x20000018   Section        4  as608.o(.data)
    .data                                    0x2000001c   Section       24  rc522.o(.data)
    .data                                    0x20000034   Section       12  cjson.o(.data)
    ep                                       0x20000034   Data           4  cjson.o(.data)
    cJSON_malloc                             0x20000038   Data           4  cjson.o(.data)
    cJSON_free                               0x2000003c   Data           4  cjson.o(.data)
    .data                                    0x20000040   Section        9  stm32f1xx_hal.o(.data)
    .data                                    0x2000004c   Section        4  system_stm32f1xx.o(.data)
    .data                                    0x20000050   Section        4  mvars.o(.data)
    .data                                    0x20000054   Section        4  mvars.o(.data)
    .data                                    0x20000058   Section        4  errno.o(.data)
    _errno                                   0x20000058   Data           4  errno.o(.data)
    .bss                                     0x2000005c   Section     2386  usart.o(.bss)
    g_uart_rx_frame                          0x200004ac   Data         258  usart.o(.bss)
    g_uart_tx_buf                            0x200005ae   Data        1024  usart.o(.bss)
    .bss                                     0x200009ae   Section     1034  myflash.o(.bss)
    .bss                                     0x20000db8   Section       72  tim.o(.bss)
    .bss                                     0x20000e00   Section       32  stm32f1xx_hal_flash.o(.bss)
    HEAP                                     0x20000e20   Section     3072  startup_stm32f103xb.o(HEAP)
    STACK                                    0x20001a20   Section     1024  startup_stm32f103xb.o(STACK)

    Global Symbols

    Symbol Name                              Value     Ov Type        Size  Object(Section)

    BuildAttributes$$THM_ISAv4$P$D$K$B$S$PE$A:L22UL41UL21$X:L11$S22US41US21$IEEE1$IW$USESV6$~STKCKD$USESV7$~SHL$OTIME$ROPI$IEEEX$EBA8$MICROLIB$REQ8$PRES8$EABIv2 0x00000000   Number         0  anon$$obj.o ABSOLUTE
    __ARM_use_no_argv                        0x00000000   Number         0  main.o ABSOLUTE
    __use_no_errno                           0x00000000   Number         0  useno.o ABSOLUTE
    __use_no_exception_handling              0x00000000   Number         0  useno.o ABSOLUTE
    __use_no_fp                              0x00000000   Number         0  useno.o ABSOLUTE
    __use_no_heap                            0x00000000   Number         0  useno.o ABSOLUTE
    __use_no_heap_region                     0x00000000   Number         0  useno.o ABSOLUTE
    __use_no_semihosting                     0x00000000   Number         0  useno.o ABSOLUTE
    __use_no_semihosting_swi                 0x00000000   Number         0  useno.o ABSOLUTE
    __use_no_signal_handling                 0x00000000   Number         0  useno.o ABSOLUTE
    _printf_a                                0x00000000   Number         0  stubs.o ABSOLUTE
    _printf_c                                0x00000000   Number         0  stubs.o ABSOLUTE
    _printf_charcount                        0x00000000   Number         0  stubs.o ABSOLUTE
    _printf_d                                0x00000000   Number         0  stubs.o ABSOLUTE
    _printf_e                                0x00000000   Number         0  stubs.o ABSOLUTE
    _printf_f                                0x00000000   Number         0  stubs.o ABSOLUTE
    _printf_flags                            0x00000000   Number         0  stubs.o ABSOLUTE
    _printf_fp_dec                           0x00000000   Number         0  stubs.o ABSOLUTE
    _printf_fp_hex                           0x00000000   Number         0  stubs.o ABSOLUTE
    _printf_g                                0x00000000   Number         0  stubs.o ABSOLUTE
    _printf_i                                0x00000000   Number         0  stubs.o ABSOLUTE
    _printf_int_dec                          0x00000000   Number         0  stubs.o ABSOLUTE
    _printf_l                                0x00000000   Number         0  stubs.o ABSOLUTE
    _printf_lc                               0x00000000   Number         0  stubs.o ABSOLUTE
    _printf_ll                               0x00000000   Number         0  stubs.o ABSOLUTE
    _printf_lld                              0x00000000   Number         0  stubs.o ABSOLUTE
    _printf_lli                              0x00000000   Number         0  stubs.o ABSOLUTE
    _printf_llo                              0x00000000   Number         0  stubs.o ABSOLUTE
    _printf_llu                              0x00000000   Number         0  stubs.o ABSOLUTE
    _printf_llx                              0x00000000   Number         0  stubs.o ABSOLUTE
    _printf_longlong_dec                     0x00000000   Number         0  stubs.o ABSOLUTE
    _printf_longlong_hex                     0x00000000   Number         0  stubs.o ABSOLUTE
    _printf_longlong_oct                     0x00000000   Number         0  stubs.o ABSOLUTE
    _printf_ls                               0x00000000   Number         0  stubs.o ABSOLUTE
    _printf_mbtowc                           0x00000000   Number         0  stubs.o ABSOLUTE
    _printf_n                                0x00000000   Number         0  stubs.o ABSOLUTE
    _printf_o                                0x00000000   Number         0  stubs.o ABSOLUTE
    _printf_p                                0x00000000   Number         0  stubs.o ABSOLUTE
    _printf_percent                          0x00000000   Number         0  stubs.o ABSOLUTE
    _printf_pre_padding                      0x00000000   Number         0  stubs.o ABSOLUTE
    _printf_return_value                     0x00000000   Number         0  stubs.o ABSOLUTE
    _printf_s                                0x00000000   Number         0  stubs.o ABSOLUTE
    _printf_sizespec                         0x00000000   Number         0  stubs.o ABSOLUTE
    _printf_str                              0x00000000   Number         0  stubs.o ABSOLUTE
    _printf_truncate_signed                  0x00000000   Number         0  stubs.o ABSOLUTE
    _printf_truncate_unsigned                0x00000000   Number         0  stubs.o ABSOLUTE
    _printf_u                                0x00000000   Number         0  stubs.o ABSOLUTE
    _printf_wc                               0x00000000   Number         0  stubs.o ABSOLUTE
    _printf_wctomb                           0x00000000   Number         0  stubs.o ABSOLUTE
    _printf_widthprec                        0x00000000   Number         0  stubs.o ABSOLUTE
    _printf_x                                0x00000000   Number         0  stubs.o ABSOLUTE
    __cpp_initialize__aeabi_                  - Undefined Weak Reference
    __cxa_finalize                            - Undefined Weak Reference
    __decompress                              - Undefined Weak Reference
    _clock_init                               - Undefined Weak Reference
    _microlib_exit                            - Undefined Weak Reference
    _scanf_longlong                           - Undefined Weak Reference
    _scanf_real                               - Undefined Weak Reference
    __Vectors_Size                           0x000000ec   Number         0  startup_stm32f103xb.o ABSOLUTE
    __Vectors                                0x08000000   Data           4  startup_stm32f103xb.o(RESET)
    __Vectors_End                            0x080000ec   Data           0  startup_stm32f103xb.o(RESET)
    __main                                   0x080000ed   Thumb Code     0  entry.o(.ARM.Collect$$$$00000000)
    _main_stk                                0x080000ed   Thumb Code     0  entry2.o(.ARM.Collect$$$$00000001)
    _main_scatterload                        0x080000f1   Thumb Code     0  entry5.o(.ARM.Collect$$$$00000004)
    __main_after_scatterload                 0x080000f5   Thumb Code     0  entry5.o(.ARM.Collect$$$$00000004)
    _main_clock                              0x080000f5   Thumb Code     0  entry7b.o(.ARM.Collect$$$$00000008)
    _main_cpp_init                           0x080000f5   Thumb Code     0  entry8b.o(.ARM.Collect$$$$0000000A)
    _main_init                               0x080000f5   Thumb Code     0  entry9a.o(.ARM.Collect$$$$0000000B)
    __rt_final_cpp                           0x080000fd   Thumb Code     0  entry10a.o(.ARM.Collect$$$$0000000D)
    __rt_final_exit                          0x080000fd   Thumb Code     0  entry11a.o(.ARM.Collect$$$$0000000F)
    Reset_Handler                            0x08000101   Thumb Code     8  startup_stm32f103xb.o(.text)
    ADC1_2_IRQHandler                        0x0800011b   Thumb Code     0  startup_stm32f103xb.o(.text)
    CAN1_RX1_IRQHandler                      0x0800011b   Thumb Code     0  startup_stm32f103xb.o(.text)
    CAN1_SCE_IRQHandler                      0x0800011b   Thumb Code     0  startup_stm32f103xb.o(.text)
    DMA1_Channel1_IRQHandler                 0x0800011b   Thumb Code     0  startup_stm32f103xb.o(.text)
    DMA1_Channel2_IRQHandler                 0x0800011b   Thumb Code     0  startup_stm32f103xb.o(.text)
    DMA1_Channel3_IRQHandler                 0x0800011b   Thumb Code     0  startup_stm32f103xb.o(.text)
    DMA1_Channel4_IRQHandler                 0x0800011b   Thumb Code     0  startup_stm32f103xb.o(.text)
    DMA1_Channel5_IRQHandler                 0x0800011b   Thumb Code     0  startup_stm32f103xb.o(.text)
    DMA1_Channel6_IRQHandler                 0x0800011b   Thumb Code     0  startup_stm32f103xb.o(.text)
    DMA1_Channel7_IRQHandler                 0x0800011b   Thumb Code     0  startup_stm32f103xb.o(.text)
    EXTI0_IRQHandler                         0x0800011b   Thumb Code     0  startup_stm32f103xb.o(.text)
    EXTI15_10_IRQHandler                     0x0800011b   Thumb Code     0  startup_stm32f103xb.o(.text)
    EXTI1_IRQHandler                         0x0800011b   Thumb Code     0  startup_stm32f103xb.o(.text)
    EXTI2_IRQHandler                         0x0800011b   Thumb Code     0  startup_stm32f103xb.o(.text)
    EXTI3_IRQHandler                         0x0800011b   Thumb Code     0  startup_stm32f103xb.o(.text)
    EXTI4_IRQHandler                         0x0800011b   Thumb Code     0  startup_stm32f103xb.o(.text)
    EXTI9_5_IRQHandler                       0x0800011b   Thumb Code     0  startup_stm32f103xb.o(.text)
    FLASH_IRQHandler                         0x0800011b   Thumb Code     0  startup_stm32f103xb.o(.text)
    I2C1_ER_IRQHandler                       0x0800011b   Thumb Code     0  startup_stm32f103xb.o(.text)
    I2C1_EV_IRQHandler                       0x0800011b   Thumb Code     0  startup_stm32f103xb.o(.text)
    I2C2_ER_IRQHandler                       0x0800011b   Thumb Code     0  startup_stm32f103xb.o(.text)
    I2C2_EV_IRQHandler                       0x0800011b   Thumb Code     0  startup_stm32f103xb.o(.text)
    PVD_IRQHandler                           0x0800011b   Thumb Code     0  startup_stm32f103xb.o(.text)
    RCC_IRQHandler                           0x0800011b   Thumb Code     0  startup_stm32f103xb.o(.text)
    RTC_Alarm_IRQHandler                     0x0800011b   Thumb Code     0  startup_stm32f103xb.o(.text)
    RTC_IRQHandler                           0x0800011b   Thumb Code     0  startup_stm32f103xb.o(.text)
    SPI1_IRQHandler                          0x0800011b   Thumb Code     0  startup_stm32f103xb.o(.text)
    SPI2_IRQHandler                          0x0800011b   Thumb Code     0  startup_stm32f103xb.o(.text)
    TAMPER_IRQHandler                        0x0800011b   Thumb Code     0  startup_stm32f103xb.o(.text)
    TIM1_BRK_IRQHandler                      0x0800011b   Thumb Code     0  startup_stm32f103xb.o(.text)
    TIM1_CC_IRQHandler                       0x0800011b   Thumb Code     0  startup_stm32f103xb.o(.text)
    TIM1_TRG_COM_IRQHandler                  0x0800011b   Thumb Code     0  startup_stm32f103xb.o(.text)
    TIM1_UP_IRQHandler                       0x0800011b   Thumb Code     0  startup_stm32f103xb.o(.text)
    TIM2_IRQHandler                          0x0800011b   Thumb Code     0  startup_stm32f103xb.o(.text)
    TIM3_IRQHandler                          0x0800011b   Thumb Code     0  startup_stm32f103xb.o(.text)
    TIM4_IRQHandler                          0x0800011b   Thumb Code     0  startup_stm32f103xb.o(.text)
    USBWakeUp_IRQHandler                     0x0800011b   Thumb Code     0  startup_stm32f103xb.o(.text)
    USB_HP_CAN1_TX_IRQHandler                0x0800011b   Thumb Code     0  startup_stm32f103xb.o(.text)
    USB_LP_CAN1_RX0_IRQHandler               0x0800011b   Thumb Code     0  startup_stm32f103xb.o(.text)
    WWDG_IRQHandler                          0x0800011b   Thumb Code     0  startup_stm32f103xb.o(.text)
    __aeabi_llsr                             0x08000125   Thumb Code    32  llushr.o(.text)
    _ll_ushift_r                             0x08000125   Thumb Code     0  llushr.o(.text)
    tolower                                  0x08000145   Thumb Code    12  tolower.o(.text)
    __aeabi_memcpy                           0x08000151   Thumb Code    36  memcpya.o(.text)
    __aeabi_memcpy4                          0x08000151   Thumb Code     0  memcpya.o(.text)
    __aeabi_memcpy8                          0x08000151   Thumb Code     0  memcpya.o(.text)
    __aeabi_memset                           0x08000175   Thumb Code    14  memseta.o(.text)
    __aeabi_memset4                          0x08000175   Thumb Code     0  memseta.o(.text)
    __aeabi_memset8                          0x08000175   Thumb Code     0  memseta.o(.text)
    __aeabi_memclr                           0x08000183   Thumb Code     4  memseta.o(.text)
    __aeabi_memclr4                          0x08000183   Thumb Code     0  memseta.o(.text)
    __aeabi_memclr8                          0x08000183   Thumb Code     0  memseta.o(.text)
    _memset$wrapper                          0x08000187   Thumb Code    18  memseta.o(.text)
    strstr                                   0x08000199   Thumb Code    36  strstr.o(.text)
    strchr                                   0x080001bd   Thumb Code    20  strchr.o(.text)
    strlen                                   0x080001d1   Thumb Code    14  strlen.o(.text)
    strcpy                                   0x080001df   Thumb Code    18  strcpy.o(.text)
    strncmp                                  0x080001f1   Thumb Code    30  strncmp.o(.text)
    __0sscanf                                0x08000211   Thumb Code    48  __0sscanf.o(.text)
    _scanf_int                               0x08000249   Thumb Code   332  _scanf_int.o(.text)
    _scanf_string                            0x08000395   Thumb Code   224  _scanf_str.o(.text)
    __aeabi_dadd                             0x08000475   Thumb Code   322  dadd.o(.text)
    __aeabi_dsub                             0x080005b7   Thumb Code     6  dadd.o(.text)
    __aeabi_drsub                            0x080005bd   Thumb Code     6  dadd.o(.text)
    __aeabi_dmul                             0x080005c3   Thumb Code   228  dmul.o(.text)
    __aeabi_i2d                              0x080006a7   Thumb Code    34  dflti.o(.text)
    __aeabi_ui2d                             0x080006c9   Thumb Code    26  dfltui.o(.text)
    __aeabi_d2iz                             0x080006e3   Thumb Code    62  dfixi.o(.text)
    __aeabi_cdcmpeq                          0x08000721   Thumb Code     0  cdcmple.o(.text)
    __aeabi_cdcmple                          0x08000721   Thumb Code    48  cdcmple.o(.text)
    __aeabi_cdrcmple                         0x08000751   Thumb Code    48  cdrcmple.o(.text)
    __aeabi_uidiv                            0x08000781   Thumb Code     0  uidiv.o(.text)
    __aeabi_uidivmod                         0x08000781   Thumb Code    44  uidiv.o(.text)
    __aeabi_uldivmod                         0x080007ad   Thumb Code    98  uldiv.o(.text)
    __aeabi_llsl                             0x0800080f   Thumb Code    30  llshl.o(.text)
    _ll_shift_l                              0x0800080f   Thumb Code     0  llshl.o(.text)
    __aeabi_lasr                             0x0800082d   Thumb Code    36  llsshr.o(.text)
    _ll_sshift_r                             0x0800082d   Thumb Code     0  llsshr.o(.text)
    _chval                                   0x08000851   Thumb Code    28  _chval.o(.text)
    __vfscanf_char                           0x08000879   Thumb Code    20  scanf_char.o(.text)
    _sgetc                                   0x08000895   Thumb Code    30  _sgetc.o(.text)
    _sbackspace                              0x080008b3   Thumb Code    34  _sgetc.o(.text)
    __I$use$fp                               0x080008d5   Thumb Code     0  iusefp.o(.text)
    _double_round                            0x080008d5   Thumb Code    30  depilogue.o(.text)
    _double_epilogue                         0x080008f3   Thumb Code   156  depilogue.o(.text)
    __aeabi_ddiv                             0x0800098f   Thumb Code   222  ddiv.o(.text)
    __ARM_scalbn                             0x08000a6d   Thumb Code    46  dscalb.o(.text)
    scalbn                                   0x08000a6d   Thumb Code     0  dscalb.o(.text)
    __aeabi_d2ulz                            0x08000a9b   Thumb Code    48  dfixul.o(.text)
    __scatterload                            0x08000acd   Thumb Code    28  init.o(.text)
    __scatterload_rt2                        0x08000acd   Thumb Code     0  init.o(.text)
    isspace                                  0x08000af1   Thumb Code    10  isspace_c.o(.text)
    __vfscanf                                0x08000afd   Thumb Code   808  _scanf.o(.text)
    _dsqrt                                   0x08000e29   Thumb Code   162  dsqrt.o(.text)
    __ctype_lookup                           0x08000ecd   Thumb Code    34  ctype_c.o(.text)
    Add_Card_Flash                           0x08000ef5   Thumb Code   118  main.o(i.Add_Card_Flash)
    BusFault_Handler                         0x08000f79   Thumb Code     4  stm32f1xx_it.o(i.BusFault_Handler)
    ClearBitMask                             0x08000f7d   Thumb Code    28  rc522.o(i.ClearBitMask)
    ControlServo                             0x08000fad   Thumb Code    28  servo.o(i.ControlServo)
    DebugMon_Handler                         0x08000fcd   Thumb Code     2  stm32f1xx_it.o(i.DebugMon_Handler)
    Del_FR                                   0x08000fd1   Thumb Code    14  main.o(i.Del_FR)
    ESP8266_ATE                              0x08000fe5   Thumb Code    60  esp8266.o(i.ESP8266_ATE)
    ESP8266_MQTTCLIENTID                     0x08001035   Thumb Code    46  esp8266.o(i.ESP8266_MQTTCLIENTID)
    ESP8266_MQTTCONN                         0x08001085   Thumb Code    54  esp8266.o(i.ESP8266_MQTTCONN)
    ESP8266_MQTTSUB                          0x080010dd   Thumb Code    46  esp8266.o(i.ESP8266_MQTTSUB)
    ESP8266_MQTTUSERCFG                      0x08001129   Thumb Code    50  esp8266.o(i.ESP8266_MQTTUSERCFG)
    ESP8266_Reset                            0x08001191   Thumb Code    26  esp8266.o(i.ESP8266_Reset)
    ESP8266_Sent_AT                          0x080011b9   Thumb Code    78  esp8266.o(i.ESP8266_Sent_AT)
    ESP8266_WiFi                             0x08001211   Thumb Code    46  esp8266.o(i.ESP8266_WiFi)
    Error_Handler                            0x08001259   Thumb Code     2  main.o(i.Error_Handler)
    FLASH_PageErase                          0x08001285   Thumb Code    32  stm32f1xx_hal_flash_ex.o(i.FLASH_PageErase)
    FLASH_WaitForLastOperation               0x08001351   Thumb Code   106  stm32f1xx_hal_flash.o(i.FLASH_WaitForLastOperation)
    GZ_DeletChar                             0x080013c1   Thumb Code   108  as608.o(i.GZ_DeletChar)
    GZ_GenChar                               0x0800142d   Thumb Code    70  as608.o(i.GZ_GenChar)
    GZ_GetImage                              0x08001473   Thumb Code    58  as608.o(i.GZ_GetImage)
    GZ_HandShake                             0x080014ad   Thumb Code   110  as608.o(i.GZ_HandShake)
    GZ_HighSpeedSearch                       0x08001525   Thumb Code   160  as608.o(i.GZ_HighSpeedSearch)
    GZ_Match                                 0x080015e1   Thumb Code    58  as608.o(i.GZ_Match)
    GZ_RegModel                              0x0800161b   Thumb Code    58  as608.o(i.GZ_RegModel)
    GZ_StoreChar                             0x08001655   Thumb Code    96  as608.o(i.GZ_StoreChar)
    GZ_ValidTempleteNum                      0x080016b5   Thumb Code    74  as608.o(i.GZ_ValidTempleteNum)
    HAL_DMA_Abort                            0x080016ff   Thumb Code    86  stm32f1xx_hal_dma.o(i.HAL_DMA_Abort)
    HAL_DMA_Abort_IT                         0x08001755   Thumb Code   172  stm32f1xx_hal_dma.o(i.HAL_DMA_Abort_IT)
    HAL_Delay                                0x08001805   Thumb Code    36  stm32f1xx_hal.o(i.HAL_Delay)
    HAL_FLASHEx_Erase                        0x0800182d   Thumb Code   168  stm32f1xx_hal_flash_ex.o(i.HAL_FLASHEx_Erase)
    HAL_FLASH_Lock                           0x080018dd   Thumb Code    16  stm32f1xx_hal_flash.o(i.HAL_FLASH_Lock)
    HAL_FLASH_Program                        0x080018f1   Thumb Code   168  stm32f1xx_hal_flash.o(i.HAL_FLASH_Program)
    HAL_FLASH_Unlock                         0x080019a1   Thumb Code    36  stm32f1xx_hal_flash.o(i.HAL_FLASH_Unlock)
    HAL_GPIO_Init                            0x080019d1   Thumb Code   766  stm32f1xx_hal_gpio.o(i.HAL_GPIO_Init)
    HAL_GPIO_ReadPin                         0x08001cf1   Thumb Code    16  stm32f1xx_hal_gpio.o(i.HAL_GPIO_ReadPin)
    HAL_GPIO_WritePin                        0x08001d01   Thumb Code    12  stm32f1xx_hal_gpio.o(i.HAL_GPIO_WritePin)
    HAL_GetTick                              0x08001d0d   Thumb Code     6  stm32f1xx_hal.o(i.HAL_GetTick)
    HAL_IncTick                              0x08001d19   Thumb Code    16  stm32f1xx_hal.o(i.HAL_IncTick)
    HAL_Init                                 0x08001d31   Thumb Code    34  stm32f1xx_hal.o(i.HAL_Init)
    HAL_InitTick                             0x08001d59   Thumb Code    64  stm32f1xx_hal.o(i.HAL_InitTick)
    HAL_MspInit                              0x08001da5   Thumb Code    76  stm32f1xx_hal_msp.o(i.HAL_MspInit)
    HAL_NVIC_EnableIRQ                       0x08001df9   Thumb Code    32  stm32f1xx_hal_cortex.o(i.HAL_NVIC_EnableIRQ)
    HAL_NVIC_SetPriority                     0x08001e19   Thumb Code   124  stm32f1xx_hal_cortex.o(i.HAL_NVIC_SetPriority)
    HAL_NVIC_SetPriorityGrouping             0x08001e95   Thumb Code    32  stm32f1xx_hal_cortex.o(i.HAL_NVIC_SetPriorityGrouping)
    HAL_RCC_ClockConfig                      0x08001ebd   Thumb Code   376  stm32f1xx_hal_rcc.o(i.HAL_RCC_ClockConfig)
    HAL_RCC_GetHCLKFreq                      0x08002049   Thumb Code     6  stm32f1xx_hal_rcc.o(i.HAL_RCC_GetHCLKFreq)
    HAL_RCC_GetPCLK1Freq                     0x08002055   Thumb Code    22  stm32f1xx_hal_rcc.o(i.HAL_RCC_GetPCLK1Freq)
    HAL_RCC_GetPCLK2Freq                     0x08002075   Thumb Code    22  stm32f1xx_hal_rcc.o(i.HAL_RCC_GetPCLK2Freq)
    HAL_RCC_GetSysClockFreq                  0x08002095   Thumb Code   116  stm32f1xx_hal_rcc.o(i.HAL_RCC_GetSysClockFreq)
    HAL_RCC_OscConfig                        0x08002129   Thumb Code  1114  stm32f1xx_hal_rcc.o(i.HAL_RCC_OscConfig)
    HAL_SYSTICK_Config                       0x0800258d   Thumb Code    52  stm32f1xx_hal_cortex.o(i.HAL_SYSTICK_Config)
    HAL_TIMEx_MasterConfigSynchronization    0x080025c1   Thumb Code   118  stm32f1xx_hal_tim_ex.o(i.HAL_TIMEx_MasterConfigSynchronization)
    HAL_TIM_MspPostInit                      0x08002645   Thumb Code    74  tim.o(i.HAL_TIM_MspPostInit)
    HAL_TIM_PWM_ConfigChannel                0x0800269d   Thumb Code   252  stm32f1xx_hal_tim.o(i.HAL_TIM_PWM_ConfigChannel)
    HAL_TIM_PWM_Init                         0x08002799   Thumb Code   102  stm32f1xx_hal_tim.o(i.HAL_TIM_PWM_Init)
    HAL_TIM_PWM_MspInit                      0x08002801   Thumb Code    40  tim.o(i.HAL_TIM_PWM_MspInit)
    HAL_TIM_PWM_Start                        0x08002831   Thumb Code   198  stm32f1xx_hal_tim.o(i.HAL_TIM_PWM_Start)
    HAL_UARTEx_RxEventCallback               0x08002905   Thumb Code     2  stm32f1xx_hal_uart.o(i.HAL_UARTEx_RxEventCallback)
    HAL_UART_AbortReceiveCpltCallback        0x08002907   Thumb Code     2  stm32f1xx_hal_uart.o(i.HAL_UART_AbortReceiveCpltCallback)
    HAL_UART_AbortReceive_IT                 0x08002909   Thumb Code   140  stm32f1xx_hal_uart.o(i.HAL_UART_AbortReceive_IT)
    HAL_UART_ErrorCallback                   0x08002999   Thumb Code     2  stm32f1xx_hal_uart.o(i.HAL_UART_ErrorCallback)
    HAL_UART_IRQHandler                      0x0800299d   Thumb Code   582  stm32f1xx_hal_uart.o(i.HAL_UART_IRQHandler)
    HAL_UART_Init                            0x08002be9   Thumb Code   114  stm32f1xx_hal_uart.o(i.HAL_UART_Init)
    HAL_UART_MspInit                         0x08002c5d   Thumb Code   400  usart.o(i.HAL_UART_MspInit)
    HAL_UART_Receive                         0x08002e05   Thumb Code   220  stm32f1xx_hal_uart.o(i.HAL_UART_Receive)
    HAL_UART_Receive_IT                      0x08002ee1   Thumb Code    66  stm32f1xx_hal_uart.o(i.HAL_UART_Receive_IT)
    HAL_UART_RxCpltCallback                  0x08002f25   Thumb Code   118  usart.o(i.HAL_UART_RxCpltCallback)
    HAL_UART_Transmit                        0x08002fb5   Thumb Code   210  stm32f1xx_hal_uart.o(i.HAL_UART_Transmit)
    HAL_UART_TxCpltCallback                  0x08003087   Thumb Code     2  stm32f1xx_hal_uart.o(i.HAL_UART_TxCpltCallback)
    HardFault_Handler                        0x08003089   Thumb Code     4  stm32f1xx_it.o(i.HardFault_Handler)
    Key_Init                                 0x0800310d   Thumb Code    68  key.o(i.Key_Init)
    Key_Scan                                 0x08003159   Thumb Code   200  key.o(i.Key_Scan)
    M500PcdConfigISOType                     0x08003225   Thumb Code    92  rc522.o(i.M500PcdConfigISOType)
    MX_GPIO_Init                             0x08003281   Thumb Code    84  gpio.o(i.MX_GPIO_Init)
    MX_TIM4_Init                             0x080032d9   Thumb Code   116  tim.o(i.MX_TIM4_Init)
    MX_USART1_UART_Init                      0x08003355   Thumb Code    64  usart.o(i.MX_USART1_UART_Init)
    MX_USART2_UART_Init                      0x080033a1   Thumb Code    56  usart.o(i.MX_USART2_UART_Init)
    MX_USART3_UART_Init                      0x080033e5   Thumb Code    46  usart.o(i.MX_USART3_UART_Init)
    MemManage_Handler                        0x0800341d   Thumb Code     4  stm32f1xx_it.o(i.MemManage_Handler)
    NMI_Handler                              0x08003421   Thumb Code     2  stm32f1xx_it.o(i.NMI_Handler)
    OLED_Clear                               0x08003423   Thumb Code    42  oled.o(i.OLED_Clear)
    OLED_I2C_Init                            0x0800344d   Thumb Code    80  oled.o(i.OLED_I2C_Init)
    OLED_I2C_SendByte                        0x080034a5   Thumb Code    54  oled.o(i.OLED_I2C_SendByte)
    OLED_I2C_Start                           0x080034db   Thumb Code    28  oled.o(i.OLED_I2C_Start)
    OLED_I2C_Stop                            0x080034f7   Thumb Code    22  oled.o(i.OLED_I2C_Stop)
    OLED_Init                                0x0800350d   Thumb Code   174  oled.o(i.OLED_Init)
    OLED_Pow                                 0x080035bb   Thumb Code    20  oled.o(i.OLED_Pow)
    OLED_SetCursor                           0x080035cf   Thumb Code    34  oled.o(i.OLED_SetCursor)
    OLED_ShowChar                            0x080035f1   Thumb Code   110  oled.o(i.OLED_ShowChar)
    OLED_ShowNum                             0x08003665   Thumb Code    68  oled.o(i.OLED_ShowNum)
    OLED_ShowString                          0x080036a9   Thumb Code    40  oled.o(i.OLED_ShowString)
    OLED_W_SCL                               0x080036d1   Thumb Code    30  oled.o(i.OLED_W_SCL)
    OLED_W_SDA                               0x080036f5   Thumb Code    30  oled.o(i.OLED_W_SDA)
    OLED_WriteCommand                        0x08003719   Thumb Code    32  oled.o(i.OLED_WriteCommand)
    OLED_WriteData                           0x08003739   Thumb Code    32  oled.o(i.OLED_WriteData)
    PcdAntennaOff                            0x08003759   Thumb Code    12  rc522.o(i.PcdAntennaOff)
    PcdAntennaOn                             0x08003765   Thumb Code    26  rc522.o(i.PcdAntennaOn)
    PcdAnticoll                              0x0800377f   Thumb Code   112  rc522.o(i.PcdAnticoll)
    PcdComMF522                              0x080037ef   Thumb Code   306  rc522.o(i.PcdComMF522)
    PcdInit                                  0x08003921   Thumb Code   208  rc522.o(i.PcdInit)
    PcdRequest                               0x080039fd   Thumb Code    84  rc522.o(i.PcdRequest)
    PcdReset                                 0x08003a51   Thumb Code   116  rc522.o(i.PcdReset)
    PendSV_Handler                           0x08003ac9   Thumb Code     2  stm32f1xx_it.o(i.PendSV_Handler)
    RFID_Init                                0x08003af5   Thumb Code    26  rc522.o(i.RFID_Init)
    ReadRawRC                                0x08003b11   Thumb Code   170  rc522.o(i.ReadRawRC)
    Read_Card_Flash                          0x08003bc5   Thumb Code   170  main.o(i.Read_Card_Flash)
    SVC_Handler                              0x08003c85   Thumb Code     2  stm32f1xx_it.o(i.SVC_Handler)
    Servo_Init                               0x08003d0d   Thumb Code    20  servo.o(i.Servo_Init)
    SetBitMask                               0x08003d25   Thumb Code    28  rc522.o(i.SetBitMask)
    SysTick_Handler                          0x08003d41   Thumb Code     8  stm32f1xx_it.o(i.SysTick_Handler)
    SystemClock_Config                       0x08003d49   Thumb Code   102  main.o(i.SystemClock_Config)
    SystemInit                               0x08003db1   Thumb Code    70  system_stm32f1xx.o(i.SystemInit)
    TIM_Base_SetConfig                       0x08003e09   Thumb Code   104  stm32f1xx_hal_tim.o(i.TIM_Base_SetConfig)
    TIM_CCxChannelCmd                        0x08003e7d   Thumb Code    34  stm32f1xx_hal_tim.o(i.TIM_CCxChannelCmd)
    TIM_OC2_SetConfig                        0x08003f01   Thumb Code   100  stm32f1xx_hal_tim.o(i.TIM_OC2_SetConfig)
    UART_Start_Receive_IT                    0x08004281   Thumb Code    82  stm32f1xx_hal_uart.o(i.UART_Start_Receive_IT)
    USART1_IRQHandler                        0x080043a1   Thumb Code    28  stm32f1xx_it.o(i.USART1_IRQHandler)
    USART2_IRQHandler                        0x080043c5   Thumb Code    10  stm32f1xx_it.o(i.USART2_IRQHandler)
    USART3_IRQHandler                        0x080043d5   Thumb Code   258  usart.o(i.USART3_IRQHandler)
    UsageFault_Handler                       0x080044e1   Thumb Code     4  stm32f1xx_it.o(i.UsageFault_Handler)
    UsartReceive_IDLE                        0x080044e5   Thumb Code    62  usart.o(i.UsartReceive_IDLE)
    WriteRawRC                               0x08004531   Thumb Code   186  rc522.o(i.WriteRawRC)
    __0printf                                0x080045f5   Thumb Code    22  printfa.o(i.__0printf)
    __1printf                                0x080045f5   Thumb Code     0  printfa.o(i.__0printf)
    __2printf                                0x080045f5   Thumb Code     0  printfa.o(i.__0printf)
    __c89printf                              0x080045f5   Thumb Code     0  printfa.o(i.__0printf)
    printf                                   0x080045f5   Thumb Code     0  printfa.o(i.__0printf)
    __0sprintf                               0x08004615   Thumb Code    34  printfa.o(i.__0sprintf)
    __1sprintf                               0x08004615   Thumb Code     0  printfa.o(i.__0sprintf)
    __2sprintf                               0x08004615   Thumb Code     0  printfa.o(i.__0sprintf)
    __c89sprintf                             0x08004615   Thumb Code     0  printfa.o(i.__0sprintf)
    sprintf                                  0x08004615   Thumb Code     0  printfa.o(i.__0sprintf)
    __0vsprintf                              0x0800463d   Thumb Code    30  printfa.o(i.__0vsprintf)
    __1vsprintf                              0x0800463d   Thumb Code     0  printfa.o(i.__0vsprintf)
    __2vsprintf                              0x0800463d   Thumb Code     0  printfa.o(i.__0vsprintf)
    __c89vsprintf                            0x0800463d   Thumb Code     0  printfa.o(i.__0vsprintf)
    vsprintf                                 0x0800463d   Thumb Code     0  printfa.o(i.__0vsprintf)
    __ARM_fpclassify                         0x08004661   Thumb Code    40  fpclassify.o(i.__ARM_fpclassify)
    __kernel_poly                            0x080046c1   Thumb Code   170  poly.o(i.__kernel_poly)
    __mathlib_dbl_divzero                    0x0800476d   Thumb Code    12  dunder.o(i.__mathlib_dbl_divzero)
    __mathlib_dbl_infnan2                    0x0800477d   Thumb Code     4  dunder.o(i.__mathlib_dbl_infnan2)
    __mathlib_dbl_invalid                    0x08004781   Thumb Code    12  dunder.o(i.__mathlib_dbl_invalid)
    __mathlib_dbl_overflow                   0x0800478d   Thumb Code    14  dunder.o(i.__mathlib_dbl_overflow)
    __mathlib_dbl_underflow                  0x0800479d   Thumb Code    10  dunder.o(i.__mathlib_dbl_underflow)
    __scatterload_copy                       0x080047ad   Thumb Code    14  handlers.o(i.__scatterload_copy)
    __scatterload_null                       0x080047bb   Thumb Code     2  handlers.o(i.__scatterload_null)
    __scatterload_zeroinit                   0x080047bd   Thumb Code    14  handlers.o(i.__scatterload_zeroinit)
    __set_errno                              0x080047cd   Thumb Code     6  errno.o(i.__set_errno)
    atk_mw8266d_uart_printf                  0x08005095   Thumb Code    50  usart.o(i.atk_mw8266d_uart_printf)
    atk_mw8266d_uart_rx_get_frame            0x080050d1   Thumb Code    38  usart.o(i.atk_mw8266d_uart_rx_get_frame)
    atk_mw8266d_uart_rx_restart              0x080050fd   Thumb Code    32  usart.o(i.atk_mw8266d_uart_rx_restart)
    cJSON_AddItemToArray                     0x08005121   Thumb Code    42  cjson.o(i.cJSON_AddItemToArray)
    cJSON_AddItemToObject                    0x0800514d   Thumb Code    44  cjson.o(i.cJSON_AddItemToObject)
    cJSON_CreateNumber                       0x0800517d   Thumb Code    36  cjson.o(i.cJSON_CreateNumber)
    cJSON_CreateObject                       0x080051a1   Thumb Code    18  cjson.o(i.cJSON_CreateObject)
    cJSON_Delete                             0x080051b5   Thumb Code    82  cjson.o(i.cJSON_Delete)
    cJSON_GetObjectItem                      0x0800520d   Thumb Code    30  cjson.o(i.cJSON_GetObjectItem)
    cJSON_Parse                              0x0800524d   Thumb Code    16  cjson.o(i.cJSON_Parse)
    cJSON_ParseWithOpts                      0x0800525d   Thumb Code    96  cjson.o(i.cJSON_ParseWithOpts)
    cJSON_PrintUnformatted                   0x080052c1   Thumb Code    18  cjson.o(i.cJSON_PrintUnformatted)
    create_Json                              0x0800534d   Thumb Code   174  wifi.o(i.create_Json)
    delay_10ms                               0x08005415   Thumb Code    26  rc522.o(i.delay_10ms)
    floor                                    0x080054a1   Thumb Code   204  floor.o(i.floor)
    fputc                                    0x0800557d   Thumb Code    24  usart.o(i.fputc)
    free                                     0x08005599   Thumb Code    76  malloc.o(i.free)
    main                                     0x080055e9   Thumb Code  3392  main.o(i.main)
    malloc                                   0x080063ad   Thumb Code    92  malloc.o(i.malloc)
    pow                                      0x08006b31   Thumb Code  2512  pow.o(i.pow)
    press_FR                                 0x08007525   Thumb Code   212  main.o(i.press_FR)
    rcv_json                                 0x08008159   Thumb Code   204  wifi.o(i.rcv_json)
    sqrt                                     0x080082bb   Thumb Code    76  sqrt.o(i.sqrt)
    stmflash_read                            0x08008307   Thumb Code    34  myflash.o(i.stmflash_read)
    stmflash_read_halfword                   0x08008329   Thumb Code     6  myflash.o(i.stmflash_read_halfword)
    stmflash_write                           0x08008331   Thumb Code   242  myflash.o(i.stmflash_write)
    stmflash_write_nocheck                   0x08008429   Thumb Code    44  myflash.o(i.stmflash_write_nocheck)
    wifi_init                                0x0800847d   Thumb Code   114  wifi.o(i.wifi_init)
    OLED_F8x16                               0x0800858c   Data        1520  oled.o(.constdata)
    AHBPrescTable                            0x08008b83   Data          16  system_stm32f1xx.o(.constdata)
    APBPrescTable                            0x08008b93   Data           8  system_stm32f1xx.o(.constdata)
    __mathlib_zero                           0x08008c28   Data           8  qnan.o(.constdata)
    __ctype_categories                       0x08008c30   Data          64  ctype_c.o(.constdata)
    Region$$Table$$Base                      0x08008e00   Number         0  anon$$obj.o(Region$$Table)
    Region$$Table$$Limit                     0x08008e20   Number         0  anon$$obj.o(Region$$Table)
    ValidN                                   0x20000000   Data           2  main.o(.data)
    temperature                              0x20000002   Data           1  main.o(.data)
    Door_state                               0x20000003   Data           1  main.o(.data)
    face_flag                                0x20000004   Data           1  main.o(.data)
    esp_ok                                   0x20000005   Data           1  main.o(.data)
    __stdout                                 0x2000000c   Data           4  usart.o(.data)
    g_usart_rx_sta                           0x20000010   Data           2  usart.o(.data)
    g_rx2_buffer                             0x20000012   Data           1  usart.o(.data)
    RX_len                                   0x20000013   Data           1  usart.o(.data)
    offset                                   0x20000014   Data           1  usart.o(.data)
    mesg                                     0x20000015   Data           1  usart.o(.data)
    RX_Flag                                  0x20000016   Data           1  usart.o(.data)
    g_rx_buffer                              0x20000017   Data           1  usart.o(.data)
    AS608Addr                                0x20000018   Data           4  as608.o(.data)
    UID                                      0x2000001c   Data           4  rc522.o(.data)
    Temp                                     0x20000020   Data           4  rc522.o(.data)
    UI0                                      0x20000024   Data           4  rc522.o(.data)
    UI1                                      0x20000028   Data           4  rc522.o(.data)
    UI2                                      0x2000002c   Data           4  rc522.o(.data)
    UI3                                      0x20000030   Data           4  rc522.o(.data)
    uwTick                                   0x20000040   Data           4  stm32f1xx_hal.o(.data)
    uwTickPrio                               0x20000044   Data           4  stm32f1xx_hal.o(.data)
    uwTickFreq                               0x20000048   Data           1  stm32f1xx_hal.o(.data)
    SystemCoreClock                          0x2000004c   Data           4  system_stm32f1xx.o(.data)
    __microlib_freelist                      0x20000050   Data           4  mvars.o(.data)
    __microlib_freelist_initialised          0x20000054   Data           4  mvars.o(.data)
    g_usart_rx2_buf                          0x2000005c   Data         200  usart.o(.bss)
    aRxBuffer                                0x20000124   Data         500  usart.o(.bss)
    message                                  0x20000318   Data         200  usart.o(.bss)
    huart1                                   0x200003e0   Data          68  usart.o(.bss)
    huart2                                   0x20000424   Data          68  usart.o(.bss)
    huart3                                   0x20000468   Data          68  usart.o(.bss)
    datatemp                                 0x200009ae   Data           9  myflash.o(.bss)
    g_flashbuf                               0x200009b8   Data        1024  myflash.o(.bss)
    htim4                                    0x20000db8   Data          72  tim.o(.bss)
    pFlash                                   0x20000e00   Data          32  stm32f1xx_hal_flash.o(.bss)
    __heap_base                              0x20000e20   Data           0  startup_stm32f103xb.o(HEAP)
    __heap_limit                             0x20001a20   Data           0  startup_stm32f103xb.o(HEAP)
    __initial_sp                             0x20001e20   Data           0  startup_stm32f103xb.o(STACK)



==============================================================================

Memory Map of the image

  Image Entry point : 0x080000ed

  Load Region LR_IROM1 (Base: 0x08000000, Size: 0x00008e7c, Max: 0x00010000, ABSOLUTE)

    Execution Region ER_IROM1 (Exec base: 0x08000000, Load base: 0x08000000, Size: 0x00008e20, Max: 0x00010000, ABSOLUTE)

    Exec Addr    Load Addr    Size         Type   Attr      Idx    E Section Name        Object

    0x08000000   0x08000000   0x000000ec   Data   RO            3    RESET               startup_stm32f103xb.o
    0x080000ec   0x080000ec   0x00000000   Code   RO         4017  * .ARM.Collect$$$$00000000  mc_w.l(entry.o)
    0x080000ec   0x080000ec   0x00000004   Code   RO         4378    .ARM.Collect$$$$00000001  mc_w.l(entry2.o)
    0x080000f0   0x080000f0   0x00000004   Code   RO         4381    .ARM.Collect$$$$00000004  mc_w.l(entry5.o)
    0x080000f4   0x080000f4   0x00000000   Code   RO         4383    .ARM.Collect$$$$00000008  mc_w.l(entry7b.o)
    0x080000f4   0x080000f4   0x00000000   Code   RO         4385    .ARM.Collect$$$$0000000A  mc_w.l(entry8b.o)
    0x080000f4   0x080000f4   0x00000008   Code   RO         4386    .ARM.Collect$$$$0000000B  mc_w.l(entry9a.o)
    0x080000fc   0x080000fc   0x00000000   Code   RO         4388    .ARM.Collect$$$$0000000D  mc_w.l(entry10a.o)
    0x080000fc   0x080000fc   0x00000000   Code   RO         4390    .ARM.Collect$$$$0000000F  mc_w.l(entry11a.o)
    0x080000fc   0x080000fc   0x00000004   Code   RO         4379    .ARM.Collect$$$$00002712  mc_w.l(entry2.o)
    0x08000100   0x08000100   0x00000024   Code   RO            4    .text               startup_stm32f103xb.o
    0x08000124   0x08000124   0x00000020   Code   RO         4020    .text               mc_w.l(llushr.o)
    0x08000144   0x08000144   0x0000000c   Code   RO         4022    .text               mc_w.l(tolower.o)
    0x08000150   0x08000150   0x00000024   Code   RO         4024    .text               mc_w.l(memcpya.o)
    0x08000174   0x08000174   0x00000024   Code   RO         4026    .text               mc_w.l(memseta.o)
    0x08000198   0x08000198   0x00000024   Code   RO         4028    .text               mc_w.l(strstr.o)
    0x080001bc   0x080001bc   0x00000014   Code   RO         4030    .text               mc_w.l(strchr.o)
    0x080001d0   0x080001d0   0x0000000e   Code   RO         4032    .text               mc_w.l(strlen.o)
    0x080001de   0x080001de   0x00000012   Code   RO         4034    .text               mc_w.l(strcpy.o)
    0x080001f0   0x080001f0   0x0000001e   Code   RO         4036    .text               mc_w.l(strncmp.o)
    0x0800020e   0x0800020e   0x00000002   PAD
    0x08000210   0x08000210   0x00000038   Code   RO         4329    .text               mc_w.l(__0sscanf.o)
    0x08000248   0x08000248   0x0000014c   Code   RO         4331    .text               mc_w.l(_scanf_int.o)
    0x08000394   0x08000394   0x000000e0   Code   RO         4333    .text               mc_w.l(_scanf_str.o)
    0x08000474   0x08000474   0x0000014e   Code   RO         4335    .text               mf_w.l(dadd.o)
    0x080005c2   0x080005c2   0x000000e4   Code   RO         4337    .text               mf_w.l(dmul.o)
    0x080006a6   0x080006a6   0x00000022   Code   RO         4339    .text               mf_w.l(dflti.o)
    0x080006c8   0x080006c8   0x0000001a   Code   RO         4341    .text               mf_w.l(dfltui.o)
    0x080006e2   0x080006e2   0x0000003e   Code   RO         4343    .text               mf_w.l(dfixi.o)
    0x08000720   0x08000720   0x00000030   Code   RO         4347    .text               mf_w.l(cdcmple.o)
    0x08000750   0x08000750   0x00000030   Code   RO         4349    .text               mf_w.l(cdrcmple.o)
    0x08000780   0x08000780   0x0000002c   Code   RO         4392    .text               mc_w.l(uidiv.o)
    0x080007ac   0x080007ac   0x00000062   Code   RO         4394    .text               mc_w.l(uldiv.o)
    0x0800080e   0x0800080e   0x0000001e   Code   RO         4396    .text               mc_w.l(llshl.o)
    0x0800082c   0x0800082c   0x00000024   Code   RO         4398    .text               mc_w.l(llsshr.o)
    0x08000850   0x08000850   0x0000001c   Code   RO         4409    .text               mc_w.l(_chval.o)
    0x0800086c   0x0800086c   0x00000028   Code   RO         4411    .text               mc_w.l(scanf_char.o)
    0x08000894   0x08000894   0x00000040   Code   RO         4413    .text               mc_w.l(_sgetc.o)
    0x080008d4   0x080008d4   0x00000000   Code   RO         4415    .text               mc_w.l(iusefp.o)
    0x080008d4   0x080008d4   0x000000ba   Code   RO         4416    .text               mf_w.l(depilogue.o)
    0x0800098e   0x0800098e   0x000000de   Code   RO         4418    .text               mf_w.l(ddiv.o)
    0x08000a6c   0x08000a6c   0x0000002e   Code   RO         4420    .text               mf_w.l(dscalb.o)
    0x08000a9a   0x08000a9a   0x00000030   Code   RO         4422    .text               mf_w.l(dfixul.o)
    0x08000aca   0x08000aca   0x00000002   PAD
    0x08000acc   0x08000acc   0x00000024   Code   RO         4424    .text               mc_w.l(init.o)
    0x08000af0   0x08000af0   0x0000000a   Code   RO         4426    .text               mc_w.l(isspace_c.o)
    0x08000afa   0x08000afa   0x00000002   PAD
    0x08000afc   0x08000afc   0x0000032c   Code   RO         4428    .text               mc_w.l(_scanf.o)
    0x08000e28   0x08000e28   0x000000a2   Code   RO         4430    .text               mf_w.l(dsqrt.o)
    0x08000eca   0x08000eca   0x00000002   PAD
    0x08000ecc   0x08000ecc   0x00000028   Code   RO         4432    .text               mc_w.l(ctype_c.o)
    0x08000ef4   0x08000ef4   0x00000084   Code   RO           13    i.Add_Card_Flash    main.o
    0x08000f78   0x08000f78   0x00000004   Code   RO          359    i.BusFault_Handler  stm32f1xx_it.o
    0x08000f7c   0x08000f7c   0x0000001c   Code   RO          649    i.ClearBitMask      rc522.o
    0x08000f98   0x08000f98   0x00000014   Code   RO          471    i.Com_SendData      as608.o
    0x08000fac   0x08000fac   0x00000020   Code   RO         1066    i.ControlServo      servo.o
    0x08000fcc   0x08000fcc   0x00000002   Code   RO          360    i.DebugMon_Handler  stm32f1xx_it.o
    0x08000fce   0x08000fce   0x00000002   PAD
    0x08000fd0   0x08000fd0   0x00000014   Code   RO           14    i.Del_FR            main.o
    0x08000fe4   0x08000fe4   0x00000050   Code   RO         1098    i.ESP8266_ATE       esp8266.o
    0x08001034   0x08001034   0x00000050   Code   RO         1099    i.ESP8266_MQTTCLIENTID  esp8266.o
    0x08001084   0x08001084   0x00000058   Code   RO         1100    i.ESP8266_MQTTCONN  esp8266.o
    0x080010dc   0x080010dc   0x0000004c   Code   RO         1101    i.ESP8266_MQTTSUB   esp8266.o
    0x08001128   0x08001128   0x00000068   Code   RO         1102    i.ESP8266_MQTTUSERCFG  esp8266.o
    0x08001190   0x08001190   0x00000028   Code   RO         1103    i.ESP8266_Reset     esp8266.o
    0x080011b8   0x080011b8   0x00000058   Code   RO         1104    i.ESP8266_Sent_AT   esp8266.o
    0x08001210   0x08001210   0x00000048   Code   RO         1105    i.ESP8266_WiFi      esp8266.o
    0x08001258   0x08001258   0x00000002   Code   RO           15    i.Error_Handler     main.o
    0x0800125a   0x0800125a   0x00000002   PAD
    0x0800125c   0x0800125c   0x00000028   Code   RO         3791    i.FLASH_MassErase   stm32f1xx_hal_flash_ex.o
    0x08001284   0x08001284   0x00000028   Code   RO         3800    i.FLASH_PageErase   stm32f1xx_hal_flash_ex.o
    0x080012ac   0x080012ac   0x00000020   Code   RO         3688    i.FLASH_Program_HalfWord  stm32f1xx_hal_flash.o
    0x080012cc   0x080012cc   0x00000084   Code   RO         3689    i.FLASH_SetErrorCode  stm32f1xx_hal_flash.o
    0x08001350   0x08001350   0x00000070   Code   RO         3690    i.FLASH_WaitForLastOperation  stm32f1xx_hal_flash.o
    0x080013c0   0x080013c0   0x0000006c   Code   RO          473    i.GZ_DeletChar      as608.o
    0x0800142c   0x0800142c   0x00000046   Code   RO          475    i.GZ_GenChar        as608.o
    0x08001472   0x08001472   0x0000003a   Code   RO          476    i.GZ_GetImage       as608.o
    0x080014ac   0x080014ac   0x00000078   Code   RO          477    i.GZ_HandShake      as608.o
    0x08001524   0x08001524   0x000000bc   Code   RO          478    i.GZ_HighSpeedSearch  as608.o
    0x080015e0   0x080015e0   0x0000003a   Code   RO          479    i.GZ_Match          as608.o
    0x0800161a   0x0800161a   0x0000003a   Code   RO          482    i.GZ_RegModel       as608.o
    0x08001654   0x08001654   0x00000060   Code   RO          485    i.GZ_StoreChar      as608.o
    0x080016b4   0x080016b4   0x0000004a   Code   RO          486    i.GZ_ValidTempleteNum  as608.o
    0x080016fe   0x080016fe   0x00000056   Code   RO         3347    i.HAL_DMA_Abort     stm32f1xx_hal_dma.o
    0x08001754   0x08001754   0x000000b0   Code   RO         3348    i.HAL_DMA_Abort_IT  stm32f1xx_hal_dma.o
    0x08001804   0x08001804   0x00000028   Code   RO         2970    i.HAL_Delay         stm32f1xx_hal.o
    0x0800182c   0x0800182c   0x000000b0   Code   RO         3801    i.HAL_FLASHEx_Erase  stm32f1xx_hal_flash_ex.o
    0x080018dc   0x080018dc   0x00000014   Code   RO         3694    i.HAL_FLASH_Lock    stm32f1xx_hal_flash.o
    0x080018f0   0x080018f0   0x000000b0   Code   RO         3699    i.HAL_FLASH_Program  stm32f1xx_hal_flash.o
    0x080019a0   0x080019a0   0x00000030   Code   RO         3701    i.HAL_FLASH_Unlock  stm32f1xx_hal_flash.o
    0x080019d0   0x080019d0   0x00000320   Code   RO         3283    i.HAL_GPIO_Init     stm32f1xx_hal_gpio.o
    0x08001cf0   0x08001cf0   0x00000010   Code   RO         3285    i.HAL_GPIO_ReadPin  stm32f1xx_hal_gpio.o
    0x08001d00   0x08001d00   0x0000000c   Code   RO         3287    i.HAL_GPIO_WritePin  stm32f1xx_hal_gpio.o
    0x08001d0c   0x08001d0c   0x0000000c   Code   RO         2974    i.HAL_GetTick       stm32f1xx_hal.o
    0x08001d18   0x08001d18   0x00000018   Code   RO         2980    i.HAL_IncTick       stm32f1xx_hal.o
    0x08001d30   0x08001d30   0x00000028   Code   RO         2981    i.HAL_Init          stm32f1xx_hal.o
    0x08001d58   0x08001d58   0x0000004c   Code   RO         2982    i.HAL_InitTick      stm32f1xx_hal.o
    0x08001da4   0x08001da4   0x00000054   Code   RO          447    i.HAL_MspInit       stm32f1xx_hal_msp.o
    0x08001df8   0x08001df8   0x00000020   Code   RO         3443    i.HAL_NVIC_EnableIRQ  stm32f1xx_hal_cortex.o
    0x08001e18   0x08001e18   0x0000007c   Code   RO         3449    i.HAL_NVIC_SetPriority  stm32f1xx_hal_cortex.o
    0x08001e94   0x08001e94   0x00000028   Code   RO         3450    i.HAL_NVIC_SetPriorityGrouping  stm32f1xx_hal_cortex.o
    0x08001ebc   0x08001ebc   0x0000018c   Code   RO         3138    i.HAL_RCC_ClockConfig  stm32f1xx_hal_rcc.o
    0x08002048   0x08002048   0x0000000c   Code   RO         3143    i.HAL_RCC_GetHCLKFreq  stm32f1xx_hal_rcc.o
    0x08002054   0x08002054   0x00000020   Code   RO         3145    i.HAL_RCC_GetPCLK1Freq  stm32f1xx_hal_rcc.o
    0x08002074   0x08002074   0x00000020   Code   RO         3146    i.HAL_RCC_GetPCLK2Freq  stm32f1xx_hal_rcc.o
    0x08002094   0x08002094   0x00000094   Code   RO         3147    i.HAL_RCC_GetSysClockFreq  stm32f1xx_hal_rcc.o
    0x08002128   0x08002128   0x00000464   Code   RO         3150    i.HAL_RCC_OscConfig  stm32f1xx_hal_rcc.o
    0x0800258c   0x0800258c   0x00000034   Code   RO         3454    i.HAL_SYSTICK_Config  stm32f1xx_hal_cortex.o
    0x080025c0   0x080025c0   0x00000084   Code   RO         2348    i.HAL_TIMEx_MasterConfigSynchronization  stm32f1xx_hal_tim_ex.o
    0x08002644   0x08002644   0x00000058   Code   RO         1018    i.HAL_TIM_MspPostInit  tim.o
    0x0800269c   0x0800269c   0x000000fc   Code   RO         1686    i.HAL_TIM_PWM_ConfigChannel  stm32f1xx_hal_tim.o
    0x08002798   0x08002798   0x00000066   Code   RO         1689    i.HAL_TIM_PWM_Init  stm32f1xx_hal_tim.o
    0x080027fe   0x080027fe   0x00000002   PAD
    0x08002800   0x08002800   0x00000030   Code   RO         1020    i.HAL_TIM_PWM_MspInit  tim.o
    0x08002830   0x08002830   0x000000d4   Code   RO         1694    i.HAL_TIM_PWM_Start  stm32f1xx_hal_tim.o
    0x08002904   0x08002904   0x00000002   Code   RO         2607    i.HAL_UARTEx_RxEventCallback  stm32f1xx_hal_uart.o
    0x08002906   0x08002906   0x00000002   Code   RO         2611    i.HAL_UART_AbortReceiveCpltCallback  stm32f1xx_hal_uart.o
    0x08002908   0x08002908   0x00000090   Code   RO         2612    i.HAL_UART_AbortReceive_IT  stm32f1xx_hal_uart.o
    0x08002998   0x08002998   0x00000002   Code   RO         2621    i.HAL_UART_ErrorCallback  stm32f1xx_hal_uart.o
    0x0800299a   0x0800299a   0x00000002   PAD
    0x0800299c   0x0800299c   0x0000024c   Code   RO         2624    i.HAL_UART_IRQHandler  stm32f1xx_hal_uart.o
    0x08002be8   0x08002be8   0x00000072   Code   RO         2625    i.HAL_UART_Init     stm32f1xx_hal_uart.o
    0x08002c5a   0x08002c5a   0x00000002   PAD
    0x08002c5c   0x08002c5c   0x000001a8   Code   RO          234    i.HAL_UART_MspInit  usart.o
    0x08002e04   0x08002e04   0x000000dc   Code   RO         2628    i.HAL_UART_Receive  stm32f1xx_hal_uart.o
    0x08002ee0   0x08002ee0   0x00000042   Code   RO         2630    i.HAL_UART_Receive_IT  stm32f1xx_hal_uart.o
    0x08002f22   0x08002f22   0x00000002   PAD
    0x08002f24   0x08002f24   0x00000090   Code   RO          235    i.HAL_UART_RxCpltCallback  usart.o
    0x08002fb4   0x08002fb4   0x000000d2   Code   RO         2633    i.HAL_UART_Transmit  stm32f1xx_hal_uart.o
    0x08003086   0x08003086   0x00000002   Code   RO         2636    i.HAL_UART_TxCpltCallback  stm32f1xx_hal_uart.o
    0x08003088   0x08003088   0x00000004   Code   RO          361    i.HardFault_Handler  stm32f1xx_it.o
    0x0800308c   0x0800308c   0x00000080   Code   RO          489    i.JudgeStr          as608.o
    0x0800310c   0x0800310c   0x0000004c   Code   RO          936    i.Key_Init          key.o
    0x08003158   0x08003158   0x000000cc   Code   RO          937    i.Key_Scan          key.o
    0x08003224   0x08003224   0x0000005c   Code   RO          650    i.M500PcdConfigISOType  rc522.o
    0x08003280   0x08003280   0x00000058   Code   RO          209    i.MX_GPIO_Init      gpio.o
    0x080032d8   0x080032d8   0x0000007c   Code   RO         1021    i.MX_TIM4_Init      tim.o
    0x08003354   0x08003354   0x0000004c   Code   RO          236    i.MX_USART1_UART_Init  usart.o
    0x080033a0   0x080033a0   0x00000044   Code   RO          237    i.MX_USART2_UART_Init  usart.o
    0x080033e4   0x080033e4   0x00000038   Code   RO          238    i.MX_USART3_UART_Init  usart.o
    0x0800341c   0x0800341c   0x00000004   Code   RO          362    i.MemManage_Handler  stm32f1xx_it.o
    0x08003420   0x08003420   0x00000002   Code   RO          363    i.NMI_Handler       stm32f1xx_it.o
    0x08003422   0x08003422   0x0000002a   Code   RO          804    i.OLED_Clear        oled.o
    0x0800344c   0x0800344c   0x00000058   Code   RO          805    i.OLED_I2C_Init     oled.o
    0x080034a4   0x080034a4   0x00000036   Code   RO          806    i.OLED_I2C_SendByte  oled.o
    0x080034da   0x080034da   0x0000001c   Code   RO          807    i.OLED_I2C_Start    oled.o
    0x080034f6   0x080034f6   0x00000016   Code   RO          808    i.OLED_I2C_Stop     oled.o
    0x0800350c   0x0800350c   0x000000ae   Code   RO          809    i.OLED_Init         oled.o
    0x080035ba   0x080035ba   0x00000014   Code   RO          810    i.OLED_Pow          oled.o
    0x080035ce   0x080035ce   0x00000022   Code   RO          811    i.OLED_SetCursor    oled.o
    0x080035f0   0x080035f0   0x00000074   Code   RO          813    i.OLED_ShowChar     oled.o
    0x08003664   0x08003664   0x00000044   Code   RO          815    i.OLED_ShowNum      oled.o
    0x080036a8   0x080036a8   0x00000028   Code   RO          817    i.OLED_ShowString   oled.o
    0x080036d0   0x080036d0   0x00000024   Code   RO          818    i.OLED_W_SCL        oled.o
    0x080036f4   0x080036f4   0x00000024   Code   RO          819    i.OLED_W_SDA        oled.o
    0x08003718   0x08003718   0x00000020   Code   RO          820    i.OLED_WriteCommand  oled.o
    0x08003738   0x08003738   0x00000020   Code   RO          821    i.OLED_WriteData    oled.o
    0x08003758   0x08003758   0x0000000c   Code   RO          651    i.PcdAntennaOff     rc522.o
    0x08003764   0x08003764   0x0000001a   Code   RO          652    i.PcdAntennaOn      rc522.o
    0x0800377e   0x0800377e   0x00000070   Code   RO          653    i.PcdAnticoll       rc522.o
    0x080037ee   0x080037ee   0x00000132   Code   RO          655    i.PcdComMF522       rc522.o
    0x08003920   0x08003920   0x000000dc   Code   RO          657    i.PcdInit           rc522.o
    0x080039fc   0x080039fc   0x00000054   Code   RO          659    i.PcdRequest        rc522.o
    0x08003a50   0x08003a50   0x00000078   Code   RO          660    i.PcdReset          rc522.o
    0x08003ac8   0x08003ac8   0x00000002   Code   RO          364    i.PendSV_Handler    stm32f1xx_it.o
    0x08003aca   0x08003aca   0x00000002   PAD
    0x08003acc   0x08003acc   0x00000028   Code   RO         3151    i.RCC_Delay         stm32f1xx_hal_rcc.o
    0x08003af4   0x08003af4   0x0000001a   Code   RO          663    i.RFID_Init         rc522.o
    0x08003b0e   0x08003b0e   0x00000002   PAD
    0x08003b10   0x08003b10   0x000000b4   Code   RO          665    i.ReadRawRC         rc522.o
    0x08003bc4   0x08003bc4   0x000000c0   Code   RO           16    i.Read_Card_Flash   main.o
    0x08003c84   0x08003c84   0x00000002   Code   RO          365    i.SVC_Handler       stm32f1xx_it.o
    0x08003c86   0x08003c86   0x00000002   PAD
    0x08003c88   0x08003c88   0x00000034   Code   RO          490    i.SendAddr          as608.o
    0x08003cbc   0x08003cbc   0x00000012   Code   RO          491    i.SendCheck         as608.o
    0x08003cce   0x08003cce   0x0000000c   Code   RO          492    i.SendFlag          as608.o
    0x08003cda   0x08003cda   0x00000010   Code   RO          493    i.SendHead          as608.o
    0x08003cea   0x08003cea   0x00000014   Code   RO          494    i.SendLength        as608.o
    0x08003cfe   0x08003cfe   0x0000000c   Code   RO          495    i.Sendcmd           as608.o
    0x08003d0a   0x08003d0a   0x00000002   PAD
    0x08003d0c   0x08003d0c   0x00000018   Code   RO         1067    i.Servo_Init        servo.o
    0x08003d24   0x08003d24   0x0000001c   Code   RO          666    i.SetBitMask        rc522.o
    0x08003d40   0x08003d40   0x00000008   Code   RO          366    i.SysTick_Handler   stm32f1xx_it.o
    0x08003d48   0x08003d48   0x00000066   Code   RO           17    i.SystemClock_Config  main.o
    0x08003dae   0x08003dae   0x00000002   PAD
    0x08003db0   0x08003db0   0x00000058   Code   RO         3970    i.SystemInit        system_stm32f1xx.o
    0x08003e08   0x08003e08   0x00000074   Code   RO         1707    i.TIM_Base_SetConfig  stm32f1xx_hal_tim.o
    0x08003e7c   0x08003e7c   0x00000022   Code   RO         1708    i.TIM_CCxChannelCmd  stm32f1xx_hal_tim.o
    0x08003e9e   0x08003e9e   0x00000002   PAD
    0x08003ea0   0x08003ea0   0x00000060   Code   RO         1720    i.TIM_OC1_SetConfig  stm32f1xx_hal_tim.o
    0x08003f00   0x08003f00   0x00000068   Code   RO         1721    i.TIM_OC2_SetConfig  stm32f1xx_hal_tim.o
    0x08003f68   0x08003f68   0x00000068   Code   RO         1722    i.TIM_OC3_SetConfig  stm32f1xx_hal_tim.o
    0x08003fd0   0x08003fd0   0x00000048   Code   RO         1723    i.TIM_OC4_SetConfig  stm32f1xx_hal_tim.o
    0x08004018   0x08004018   0x00000014   Code   RO         2638    i.UART_DMAAbortOnError  stm32f1xx_hal_uart.o
    0x0800402c   0x0800402c   0x0000001c   Code   RO         2643    i.UART_DMARxOnlyAbortCallback  stm32f1xx_hal_uart.o
    0x08004048   0x08004048   0x00000036   Code   RO         2648    i.UART_EndRxTransfer  stm32f1xx_hal_uart.o
    0x0800407e   0x0800407e   0x00000020   Code   RO         2649    i.UART_EndTransmit_IT  stm32f1xx_hal_uart.o
    0x0800409e   0x0800409e   0x000000e4   Code   RO         2651    i.UART_Receive_IT   stm32f1xx_hal_uart.o
    0x08004182   0x08004182   0x00000002   PAD
    0x08004184   0x08004184   0x000000fc   Code   RO         2652    i.UART_SetConfig    stm32f1xx_hal_uart.o
    0x08004280   0x08004280   0x00000052   Code   RO         2654    i.UART_Start_Receive_IT  stm32f1xx_hal_uart.o
    0x080042d2   0x080042d2   0x00000060   Code   RO         2655    i.UART_Transmit_IT  stm32f1xx_hal_uart.o
    0x08004332   0x08004332   0x0000006c   Code   RO         2656    i.UART_WaitOnFlagUntilTimeout  stm32f1xx_hal_uart.o
    0x0800439e   0x0800439e   0x00000002   PAD
    0x080043a0   0x080043a0   0x00000024   Code   RO          367    i.USART1_IRQHandler  stm32f1xx_it.o
    0x080043c4   0x080043c4   0x00000010   Code   RO          368    i.USART2_IRQHandler  stm32f1xx_it.o
    0x080043d4   0x080043d4   0x0000010c   Code   RO          239    i.USART3_IRQHandler  usart.o
    0x080044e0   0x080044e0   0x00000004   Code   RO          369    i.UsageFault_Handler  stm32f1xx_it.o
    0x080044e4   0x080044e4   0x0000004c   Code   RO          240    i.UsartReceive_IDLE  usart.o
    0x08004530   0x08004530   0x000000c4   Code   RO          668    i.WriteRawRC        rc522.o
    0x080045f4   0x080045f4   0x00000020   Code   RO         4273    i.__0printf         mc_w.l(printfa.o)
    0x08004614   0x08004614   0x00000028   Code   RO         4275    i.__0sprintf        mc_w.l(printfa.o)
    0x0800463c   0x0800463c   0x00000024   Code   RO         4279    i.__0vsprintf       mc_w.l(printfa.o)
    0x08004660   0x08004660   0x00000028   Code   RO         4365    i.__ARM_fpclassify  m_ws.l(fpclassify.o)
    0x08004688   0x08004688   0x00000010   Code   RO         3456    i.__NVIC_GetPriorityGrouping  stm32f1xx_hal_cortex.o
    0x08004698   0x08004698   0x00000028   Code   RO         3457    i.__NVIC_SetPriority  stm32f1xx_hal_cortex.o
    0x080046c0   0x080046c0   0x000000aa   Code   RO         4367    i.__kernel_poly     m_ws.l(poly.o)
    0x0800476a   0x0800476a   0x00000002   PAD
    0x0800476c   0x0800476c   0x00000010   Code   RO         4351    i.__mathlib_dbl_divzero  m_ws.l(dunder.o)
    0x0800477c   0x0800477c   0x00000004   Code   RO         4353    i.__mathlib_dbl_infnan2  m_ws.l(dunder.o)
    0x08004780   0x08004780   0x0000000c   Code   RO         4354    i.__mathlib_dbl_invalid  m_ws.l(dunder.o)
    0x0800478c   0x0800478c   0x0000000e   Code   RO         4355    i.__mathlib_dbl_overflow  m_ws.l(dunder.o)
    0x0800479a   0x0800479a   0x00000002   PAD
    0x0800479c   0x0800479c   0x00000010   Code   RO         4357    i.__mathlib_dbl_underflow  m_ws.l(dunder.o)
    0x080047ac   0x080047ac   0x0000000e   Code   RO         4437    i.__scatterload_copy  mc_w.l(handlers.o)
    0x080047ba   0x080047ba   0x00000002   Code   RO         4438    i.__scatterload_null  mc_w.l(handlers.o)
    0x080047bc   0x080047bc   0x0000000e   Code   RO         4439    i.__scatterload_zeroinit  mc_w.l(handlers.o)
    0x080047ca   0x080047ca   0x00000002   PAD
    0x080047cc   0x080047cc   0x0000000c   Code   RO         4404    i.__set_errno       mc_w.l(errno.o)
    0x080047d8   0x080047d8   0x00000184   Code   RO         4280    i._fp_digits        mc_w.l(printfa.o)
    0x0800495c   0x0800495c   0x000006dc   Code   RO         4281    i._printf_core      mc_w.l(printfa.o)
    0x08005038   0x08005038   0x00000024   Code   RO         4282    i._printf_post_padding  mc_w.l(printfa.o)
    0x0800505c   0x0800505c   0x0000002e   Code   RO         4283    i._printf_pre_padding  mc_w.l(printfa.o)
    0x0800508a   0x0800508a   0x0000000a   Code   RO         4285    i._sputc            mc_w.l(printfa.o)
    0x08005094   0x08005094   0x0000003c   Code   RO          243    i.atk_mw8266d_uart_printf  usart.o
    0x080050d0   0x080050d0   0x0000002c   Code   RO          244    i.atk_mw8266d_uart_rx_get_frame  usart.o
    0x080050fc   0x080050fc   0x00000024   Code   RO          246    i.atk_mw8266d_uart_rx_restart  usart.o
    0x08005120   0x08005120   0x0000002a   Code   RO         1220    i.cJSON_AddItemToArray  cjson.o
    0x0800514a   0x0800514a   0x00000002   PAD
    0x0800514c   0x0800514c   0x00000030   Code   RO         1221    i.cJSON_AddItemToObject  cjson.o
    0x0800517c   0x0800517c   0x00000024   Code   RO         1230    i.cJSON_CreateNumber  cjson.o
    0x080051a0   0x080051a0   0x00000012   Code   RO         1231    i.cJSON_CreateObject  cjson.o
    0x080051b2   0x080051b2   0x00000002   PAD
    0x080051b4   0x080051b4   0x00000058   Code   RO         1235    i.cJSON_Delete      cjson.o
    0x0800520c   0x0800520c   0x0000001e   Code   RO         1244    i.cJSON_GetObjectItem  cjson.o
    0x0800522a   0x0800522a   0x00000002   PAD
    0x0800522c   0x0800522c   0x00000020   Code   RO         1248    i.cJSON_New_Item    cjson.o
    0x0800524c   0x0800524c   0x00000010   Code   RO         1249    i.cJSON_Parse       cjson.o
    0x0800525c   0x0800525c   0x00000064   Code   RO         1250    i.cJSON_ParseWithOpts  cjson.o
    0x080052c0   0x080052c0   0x00000012   Code   RO         1253    i.cJSON_PrintUnformatted  cjson.o
    0x080052d2   0x080052d2   0x0000004c   Code   RO         1256    i.cJSON_strcasecmp  cjson.o
    0x0800531e   0x0800531e   0x00000002   PAD
    0x08005320   0x08005320   0x0000002c   Code   RO         1257    i.cJSON_strdup      cjson.o
    0x0800534c   0x0800534c   0x000000c8   Code   RO         1174    i.create_Json       wifi.o
    0x08005414   0x08005414   0x0000001a   Code   RO          669    i.delay_10ms        rc522.o
    0x0800542e   0x0800542e   0x00000002   PAD
    0x08005430   0x08005430   0x00000070   Code   RO         1259    i.ensure            cjson.o
    0x080054a0   0x080054a0   0x000000dc   Code   RO         4004    i.floor             m_ws.l(floor.o)
    0x0800557c   0x0800557c   0x0000001c   Code   RO          247    i.fputc             usart.o
    0x08005598   0x08005598   0x00000050   Code   RO         4301    i.free              mc_w.l(malloc.o)
    0x080055e8   0x080055e8   0x00000dc4   Code   RO           18    i.main              main.o
    0x080063ac   0x080063ac   0x0000006c   Code   RO         4302    i.malloc            mc_w.l(malloc.o)
    0x08006418   0x08006418   0x000000ac   Code   RO         1260    i.parse_array       cjson.o
    0x080064c4   0x080064c4   0x00000114   Code   RO         1261    i.parse_hex4        cjson.o
    0x080065d8   0x080065d8   0x000001bc   Code   RO         1262    i.parse_number      cjson.o
    0x08006794   0x08006794   0x00000114   Code   RO         1263    i.parse_object      cjson.o
    0x080068a8   0x080068a8   0x000001cc   Code   RO         1264    i.parse_string      cjson.o
    0x08006a74   0x08006a74   0x000000bc   Code   RO         1265    i.parse_value       cjson.o
    0x08006b30   0x08006b30   0x000009d8   Code   RO         4008    i.pow               m_ws.l(pow.o)
    0x08007508   0x08007508   0x0000001c   Code   RO         1266    i.pow2gt            cjson.o
    0x08007524   0x08007524   0x00000120   Code   RO           19    i.press_FR          main.o
    0x08007644   0x08007644   0x00000250   Code   RO         1267    i.print_array       cjson.o
    0x08007894   0x08007894   0x00000198   Code   RO         1268    i.print_number      cjson.o
    0x08007a2c   0x08007a2c   0x00000418   Code   RO         1269    i.print_object      cjson.o
    0x08007e44   0x08007e44   0x00000010   Code   RO         1270    i.print_string      cjson.o
    0x08007e54   0x08007e54   0x000001d4   Code   RO         1271    i.print_string_ptr  cjson.o
    0x08008028   0x08008028   0x00000130   Code   RO         1272    i.print_value       cjson.o
    0x08008158   0x08008158   0x00000150   Code   RO         1175    i.rcv_json          wifi.o
    0x080082a8   0x080082a8   0x00000012   Code   RO         1273    i.skip              cjson.o
    0x080082ba   0x080082ba   0x0000004c   Code   RO         4371    i.sqrt              m_ws.l(sqrt.o)
    0x08008306   0x08008306   0x00000022   Code   RO          966    i.stmflash_read     myflash.o
    0x08008328   0x08008328   0x00000006   Code   RO          967    i.stmflash_read_halfword  myflash.o
    0x0800832e   0x0800832e   0x00000002   PAD
    0x08008330   0x08008330   0x000000f8   Code   RO          968    i.stmflash_write    myflash.o
    0x08008428   0x08008428   0x0000002c   Code   RO          969    i.stmflash_write_nocheck  myflash.o
    0x08008454   0x08008454   0x00000006   Code   RO         1274    i.suffix_object     cjson.o
    0x0800845a   0x0800845a   0x00000020   Code   RO         1275    i.update            cjson.o
    0x0800847a   0x0800847a   0x00000002   PAD
    0x0800847c   0x0800847c   0x00000110   Code   RO         1176    i.wifi_init         wifi.o
    0x0800858c   0x0800858c   0x000005f0   Data   RO          822    .constdata          oled.o
    0x08008b7c   0x08008b7c   0x00000007   Data   RO         1276    .constdata          cjson.o
    0x08008b83   0x08008b83   0x00000018   Data   RO         3971    .constdata          system_stm32f1xx.o
    0x08008b9b   0x08008b9b   0x00000005   PAD
    0x08008ba0   0x08008ba0   0x00000088   Data   RO         4009    .constdata          m_ws.l(pow.o)
    0x08008c28   0x08008c28   0x00000008   Data   RO         4369    .constdata          m_ws.l(qnan.o)
    0x08008c30   0x08008c30   0x00000040   Data   RO         4433    .constdata          mc_w.l(ctype_c.o)
    0x08008c70   0x08008c70   0x0000018e   Data   RO         1177    .conststring        wifi.o
    0x08008dfe   0x08008dfe   0x00000002   PAD
    0x08008e00   0x08008e00   0x00000020   Data   RO         4435    Region$$Table       anon$$obj.o


    Execution Region RW_IRAM1 (Exec base: 0x20000000, Load base: 0x08008e20, Size: 0x00001e20, Max: 0x00005000, ABSOLUTE)

    Exec Addr    Load Addr    Size         Type   Attr      Idx    E Section Name        Object

    0x20000000   0x08008e20   0x0000000a   Data   RW           21    .data               main.o
    0x2000000a   0x08008e2a   0x00000002   PAD
    0x2000000c   0x08008e2c   0x0000000c   Data   RW          249    .data               usart.o
    0x20000018   0x08008e38   0x00000004   Data   RW          496    .data               as608.o
    0x2000001c   0x08008e3c   0x00000018   Data   RW          670    .data               rc522.o
    0x20000034   0x08008e54   0x0000000c   Data   RW         1277    .data               cjson.o
    0x20000040   0x08008e60   0x00000009   Data   RW         2988    .data               stm32f1xx_hal.o
    0x20000049   0x08008e69   0x00000003   PAD
    0x2000004c   0x08008e6c   0x00000004   Data   RW         3972    .data               system_stm32f1xx.o
    0x20000050   0x08008e70   0x00000004   Data   RW         4400    .data               mc_w.l(mvars.o)
    0x20000054   0x08008e74   0x00000004   Data   RW         4401    .data               mc_w.l(mvars.o)
    0x20000058   0x08008e78   0x00000004   Data   RW         4405    .data               mc_w.l(errno.o)
    0x2000005c        -       0x00000952   Zero   RW          248    .bss                usart.o
    0x200009ae        -       0x0000040a   Zero   RW          971    .bss                myflash.o
    0x20000db8        -       0x00000048   Zero   RW         1022    .bss                tim.o
    0x20000e00        -       0x00000020   Zero   RW         3702    .bss                stm32f1xx_hal_flash.o
    0x20000e20        -       0x00000c00   Zero   RW            2    HEAP                startup_stm32f103xb.o
    0x20001a20        -       0x00000400   Zero   RW            1    STACK               startup_stm32f103xb.o


==============================================================================

Image component sizes


      Code (inc. data)   RO Data    RW Data    ZI Data      Debug   Object Name

      1108         62          0          4          0      11331   as608.o
      5396        256          7         12          0      25407   cjson.o
       628        222          0          0          0       6089   esp8266.o
        88          4          0          0          0        867   gpio.o
       280         12          0          0          0       1442   key.o
      4260        972          0         10          0     439718   main.o
       332          6          0          0       1034       3740   myflash.o
       822         26       1520          0          0       9407   oled.o
      1456         36          0         24          0       9881   rc522.o
        56          8          0          0          0        924   servo.o
        36          8        236          0       4096        836   startup_stm32f103xb.o
       192         36          0          9          0       6141   stm32f1xx_hal.o
       304         22          0          0          0      29643   stm32f1xx_hal_cortex.o
       262          4          0          0          0       1851   stm32f1xx_hal_dma.o
       520         48          0          0         32       4394   stm32f1xx_hal_flash.o
       256         26          0          0          0       2683   stm32f1xx_hal_flash_ex.o
       828         34          0          0          0       3447   stm32f1xx_hal_gpio.o
        84          8          0          0          0        930   stm32f1xx_hal_msp.o
      1784        110          0          0          0       6272   stm32f1xx_hal_rcc.o
      1092         46          0          0          0       7284   stm32f1xx_hal_tim.o
       132         14          0          0          0       1368   stm32f1xx_hal_tim_ex.o
      2250         14          0          0          0      14814   stm32f1xx_hal_uart.o
        84         14          0          0          0       5138   stm32f1xx_it.o
        88         18         24          4          0       1259   system_stm32f1xx.o
       260         30          0          0         72       2355   tim.o
      1280        132          0         12       2386       9663   usart.o
       808        316        398          0          0       4441   wifi.o

    ----------------------------------------------------------------------
     24728       2484       2224         80       7620     611325   Object Totals
         0          0         32          0          0          0   (incl. Generated)
        42          0          7          5          0          0   (incl. Padding)

    ----------------------------------------------------------------------

      Code (inc. data)   RO Data    RW Data    ZI Data      Debug   Library Member Name

        62         10          0          0          0        340   dunder.o
       220         16          0          0          0         84   floor.o
        40          0          0          0          0         68   fpclassify.o
       170          0          0          0          0         96   poly.o
      2520        190        136          0          0        324   pow.o
         0          0          8          0          0          0   qnan.o
        76          0          0          0          0         84   sqrt.o
        56          8          0          0          0         84   __0sscanf.o
        28          0          0          0          0         68   _chval.o
       812          4          0          0          0        112   _scanf.o
       332          0          0          0          0         96   _scanf_int.o
       224          0          0          0          0         96   _scanf_str.o
        64          0          0          0          0         84   _sgetc.o
        40          6         64          0          0         68   ctype_c.o
         0          0          0          0          0          0   entry.o
         0          0          0          0          0          0   entry10a.o
         0          0          0          0          0          0   entry11a.o
         8          4          0          0          0          0   entry2.o
         4          0          0          0          0          0   entry5.o
         0          0          0          0          0          0   entry7b.o
         0          0          0          0          0          0   entry8b.o
         8          4          0          0          0          0   entry9a.o
        12          6          0          4          0         68   errno.o
        30          0          0          0          0          0   handlers.o
        36          8          0          0          0         68   init.o
        10          0          0          0          0         68   isspace_c.o
         0          0          0          0          0          0   iusefp.o
        30          0          0          0          0         68   llshl.o
        36          0          0          0          0         68   llsshr.o
        32          0          0          0          0         68   llushr.o
       188         20          0          0          0        160   malloc.o
        36          0          0          0          0         68   memcpya.o
        36          0          0          0          0        108   memseta.o
         0          0          0          8          0          0   mvars.o
      2344        102          0          0          0        684   printfa.o
        40          8          0          0          0         84   scanf_char.o
        20          0          0          0          0         68   strchr.o
        18          0          0          0          0         68   strcpy.o
        14          0          0          0          0         68   strlen.o
        30          0          0          0          0         80   strncmp.o
        36          0          0          0          0         80   strstr.o
        12          0          0          0          0         68   tolower.o
        44          0          0          0          0         80   uidiv.o
        98          0          0          0          0         92   uldiv.o
        48          0          0          0          0         68   cdcmple.o
        48          0          0          0          0         68   cdrcmple.o
       334          0          0          0          0        148   dadd.o
       222          0          0          0          0        100   ddiv.o
       186          0          0          0          0        176   depilogue.o
        62          0          0          0          0         80   dfixi.o
        48          0          0          0          0         68   dfixul.o
        34          0          0          0          0         76   dflti.o
        26          0          0          0          0         76   dfltui.o
       228          0          0          0          0         96   dmul.o
        46          0          0          0          0         80   dscalb.o
       162          0          0          0          0        100   dsqrt.o

    ----------------------------------------------------------------------
      9224        386        208         12          0       4856   Library Totals
        14          0          0          0          0          0   (incl. Padding)

    ----------------------------------------------------------------------

      Code (inc. data)   RO Data    RW Data    ZI Data      Debug   Library Name

      3088        216        144          0          0        996   m_ws.l
      4678        170         64         12          0       2724   mc_w.l
      1444          0          0          0          0       1136   mf_w.l

    ----------------------------------------------------------------------
      9224        386        208         12          0       4856   Library Totals

    ----------------------------------------------------------------------

==============================================================================


      Code (inc. data)   RO Data    RW Data    ZI Data      Debug   

     33952       2870       2432         92       7620     604009   Grand Totals
     33952       2870       2432         92       7620     604009   ELF Image Totals
     33952       2870       2432         92          0          0   ROM Totals

==============================================================================

    Total RO  Size (Code + RO Data)                36384 (  35.53kB)
    Total RW  Size (RW Data + ZI Data)              7712 (   7.53kB)
    Total ROM Size (Code + RO Data + RW Data)      36476 (  35.62kB)

==============================================================================

